[INFO] Scanning for projects...
[INFO] 
[INFO] ------------------< com.myapp:food-ordering-backend >-------------------
[INFO] Building food-ordering-backend 0.1-SNAPSHOT
[INFO]   from pom.xml
[INFO] --------------------------------[ jar ]---------------------------------
[INFO] 
[INFO] --- jacoco:0.8.8:prepare-agent (default) @ food-ordering-backend ---
[INFO] argLine set to "-javaagent:C:\\Users\\USER\\.m2\\repository\\org\\jacoco\\org.jacoco.agent\\0.8.8\\org.jacoco.agent-0.8.8-runtime.jar=destfile=C:\\Users\\USER\\Desktop\\work space\\food-ordering-project\\backend\\target\\jacoco.exec"
[INFO] 
[INFO] --- resources:3.3.1:resources (default-resources) @ food-ordering-backend ---
[INFO] Copying 5 resources from src\main\resources to target\classes
[INFO] 
[INFO] --- compiler:3.13.0:compile (default-compile) @ food-ordering-backend ---
[INFO] Nothing to compile - all classes are up to date.
[INFO] 
[INFO] --- resources:3.3.1:testResources (default-testResources) @ food-ordering-backend ---
[INFO] skip non existing resourceDirectory C:\Users\USER\Desktop\work space\food-ordering-project\backend\src\test\resources
[INFO] 
[INFO] --- compiler:3.13.0:testCompile (default-testCompile) @ food-ordering-backend ---
[INFO] Nothing to compile - all classes are up to date.
[INFO] 
[INFO] --- surefire:3.0.0-M9:test (default-test) @ food-ordering-backend ---
[INFO] Using auto detected provider org.apache.maven.surefire.junitplatform.JUnitPlatformProvider
[INFO] 
[INFO] -------------------------------------------------------
[INFO]  T E S T S
[INFO] -------------------------------------------------------
[INFO] Running com.myapp.item.ItemRepositoryTest
[INFO] Running com.myapp.item.ItemRepositoryTest$EdgeCasesAndErrorHandling
Hibernate: alter table coupon_usage drop constraint UK8udxm37a4h8uirtgllhbl66gf
Hibernate: alter table favorites drop constraint UKondol6dsj2oaeno5aui8hnmg3
Hibernate: alter table ratings drop constraint UK67t6wh8e7dxxlxr62cfyyuhi4
Hibernate: delete from food_items
Hibernate: delete from restaurants
Hibernate: insert into restaurants (address,name,owner_id,phone,status) values (?,?,?,?,?)
Hibernate: select last_insert_rowid()
Hibernate: insert into restaurants (address,name,owner_id,phone,status) values (?,?,?,?,?)
Hibernate: select last_insert_rowid()
Hibernate: insert into food_items (available,category,description,image_url,keywords,name,price,quantity,restaurant_id) values (?,?,?,?,?,?,?,?,?)
Hibernate: select last_insert_rowid()
Hibernate: select fi1_0.id,fi1_0.available,fi1_0.category,fi1_0.description,fi1_0.image_url,fi1_0.keywords,fi1_0.name,fi1_0.price,fi1_0.quantity,fi1_0.restaurant_id from food_items fi1_0 where (lower(fi1_0.name) like ? or lower(fi1_0.keywords) like ?) and fi1_0.available=1
Hibernate: delete from food_items
Hibernate: delete from restaurants
Hibernate: insert into restaurants (address,name,owner_id,phone,status) values (?,?,?,?,?)
Hibernate: select last_insert_rowid()
Hibernate: insert into restaurants (address,name,owner_id,phone,status) values (?,?,?,?,?)
Hibernate: select last_insert_rowid()
Hibernate: insert into food_items (available,category,description,image_url,keywords,name,price,quantity,restaurant_id) values (?,?,?,?,?,?,?,?,?)
Hibernate: select last_insert_rowid()
Hibernate: delete from food_items
Hibernate: delete from restaurants
Hibernate: insert into restaurants (address,name,owner_id,phone,status) values (?,?,?,?,?)
Hibernate: select last_insert_rowid()
Hibernate: insert into restaurants (address,name,owner_id,phone,status) values (?,?,?,?,?)
Hibernate: select last_insert_rowid()
Hibernate: select fi1_0.id,fi1_0.available,fi1_0.category,fi1_0.description,fi1_0.image_url,fi1_0.keywords,fi1_0.name,fi1_0.price,fi1_0.quantity,fi1_0.restaurant_id from food_items fi1_0 where fi1_0.restaurant_id=?
[INFO] Tests run: 3, Failures: 0, Errors: 0, Skipped: 0, Time elapsed: 10.431 s - in com.myapp.item.ItemRepositoryTest$EdgeCasesAndErrorHandling
[INFO] Running com.myapp.item.ItemRepositoryTest$DeleteOperationsTests
Hibernate: delete from food_items
Hibernate: delete from restaurants
Hibernate: insert into restaurants (address,name,owner_id,phone,status) values (?,?,?,?,?)
Hibernate: select last_insert_rowid()
Hibernate: insert into restaurants (address,name,owner_id,phone,status) values (?,?,?,?,?)
Hibernate: select last_insert_rowid()
Hibernate: select fi1_0.id,fi1_0.available,fi1_0.category,fi1_0.description,fi1_0.image_url,fi1_0.keywords,fi1_0.name,fi1_0.price,fi1_0.quantity,fi1_0.restaurant_id from food_items fi1_0 where fi1_0.id=?
Hibernate: delete from food_items
Hibernate: delete from restaurants
Hibernate: insert into restaurants (address,name,owner_id,phone,status) values (?,?,?,?,?)
Hibernate: select last_insert_rowid()
Hibernate: insert into restaurants (address,name,owner_id,phone,status) values (?,?,?,?,?)
Hibernate: select last_insert_rowid()
Hibernate: insert into food_items (available,category,description,image_url,keywords,name,price,quantity,restaurant_id) values (?,?,?,?,?,?,?,?,?)
Hibernate: select last_insert_rowid()
Hibernate: insert into food_items (available,category,description,image_url,keywords,name,price,quantity,restaurant_id) values (?,?,?,?,?,?,?,?,?)
Hibernate: select last_insert_rowid()
Hibernate: select fi1_0.id,fi1_0.available,fi1_0.category,fi1_0.description,fi1_0.image_url,fi1_0.keywords,fi1_0.name,fi1_0.price,fi1_0.quantity,fi1_0.restaurant_id from food_items fi1_0
Hibernate: delete from food_items
Hibernate: select fi1_0.id,fi1_0.available,fi1_0.category,fi1_0.description,fi1_0.image_url,fi1_0.keywords,fi1_0.name,fi1_0.price,fi1_0.quantity,fi1_0.restaurant_id from food_items fi1_0
Hibernate: delete from food_items
Hibernate: delete from restaurants
Hibernate: insert into restaurants (address,name,owner_id,phone,status) values (?,?,?,?,?)
Hibernate: select last_insert_rowid()
Hibernate: insert into restaurants (address,name,owner_id,phone,status) values (?,?,?,?,?)
Hibernate: select last_insert_rowid()
Hibernate: insert into food_items (available,category,description,image_url,keywords,name,price,quantity,restaurant_id) values (?,?,?,?,?,?,?,?,?)
Hibernate: select last_insert_rowid()
Hibernate: select fi1_0.id,fi1_0.available,fi1_0.category,fi1_0.description,fi1_0.image_url,fi1_0.keywords,fi1_0.name,fi1_0.price,fi1_0.quantity,fi1_0.restaurant_id from food_items fi1_0 where fi1_0.id=?
Hibernate: select fi1_0.id,fi1_0.available,fi1_0.category,fi1_0.description,fi1_0.image_url,fi1_0.keywords,fi1_0.name,fi1_0.price,fi1_0.quantity,fi1_0.restaurant_id from food_items fi1_0 where fi1_0.id=?
Hibernate: delete from food_items where id=?
Hibernate: select fi1_0.id,fi1_0.available,fi1_0.category,fi1_0.description,fi1_0.image_url,fi1_0.keywords,fi1_0.name,fi1_0.price,fi1_0.quantity,fi1_0.restaurant_id from food_items fi1_0 where fi1_0.id=?
[INFO] Tests run: 3, Failures: 0, Errors: 0, Skipped: 0, Time elapsed: 0.198 s - in com.myapp.item.ItemRepositoryTest$DeleteOperationsTests
[INFO] Running com.myapp.item.ItemRepositoryTest$UpdateOperationsTests
Hibernate: delete from food_items
Hibernate: delete from restaurants
Hibernate: insert into restaurants (address,name,owner_id,phone,status) values (?,?,?,?,?)
Hibernate: select last_insert_rowid()
Hibernate: insert into restaurants (address,name,owner_id,phone,status) values (?,?,?,?,?)
Hibernate: select last_insert_rowid()
Hibernate: select fi1_0.id,fi1_0.available,fi1_0.category,fi1_0.description,fi1_0.image_url,fi1_0.keywords,fi1_0.name,fi1_0.price,fi1_0.quantity,fi1_0.restaurant_id from food_items fi1_0 where fi1_0.id=?
Hibernate: delete from food_items
Hibernate: delete from restaurants
Hibernate: insert into restaurants (address,name,owner_id,phone,status) values (?,?,?,?,?)
Hibernate: select last_insert_rowid()
Hibernate: insert into restaurants (address,name,owner_id,phone,status) values (?,?,?,?,?)
Hibernate: select last_insert_rowid()
Hibernate: insert into food_items (available,category,description,image_url,keywords,name,price,quantity,restaurant_id) values (?,?,?,?,?,?,?,?,?)
Hibernate: select last_insert_rowid()
Hibernate: select fi1_0.id,fi1_0.available,fi1_0.category,fi1_0.description,fi1_0.image_url,fi1_0.keywords,fi1_0.name,fi1_0.price,fi1_0.quantity,fi1_0.restaurant_id from food_items fi1_0 where fi1_0.id=?
Hibernate: update food_items set available=?,category=?,description=?,image_url=?,keywords=?,name=?,price=?,quantity=?,restaurant_id=? where id=?
Hibernate: select fi1_0.id,fi1_0.available,fi1_0.category,fi1_0.description,fi1_0.image_url,fi1_0.keywords,fi1_0.name,fi1_0.price,fi1_0.quantity,fi1_0.restaurant_id from food_items fi1_0 where fi1_0.id=?
Hibernate: delete from food_items
Hibernate: delete from restaurants
Hibernate: insert into restaurants (address,name,owner_id,phone,status) values (?,?,?,?,?)
Hibernate: select last_insert_rowid()
Hibernate: insert into restaurants (address,name,owner_id,phone,status) values (?,?,?,?,?)
Hibernate: select last_insert_rowid()
Hibernate: insert into food_items (available,category,description,image_url,keywords,name,price,quantity,restaurant_id) values (?,?,?,?,?,?,?,?,?)
Hibernate: select last_insert_rowid()
Hibernate: select fi1_0.id,fi1_0.available,fi1_0.category,fi1_0.description,fi1_0.image_url,fi1_0.keywords,fi1_0.name,fi1_0.price,fi1_0.quantity,fi1_0.restaurant_id from food_items fi1_0 where fi1_0.id=?
Hibernate: select fi1_0.id,fi1_0.available,fi1_0.category,fi1_0.description,fi1_0.image_url,fi1_0.keywords,fi1_0.name,fi1_0.price,fi1_0.quantity,fi1_0.restaurant_id from food_items fi1_0 where fi1_0.id=?
Hibernate: delete from food_items
Hibernate: delete from restaurants
Hibernate: insert into restaurants (address,name,owner_id,phone,status) values (?,?,?,?,?)
Hibernate: select last_insert_rowid()
Hibernate: insert into restaurants (address,name,owner_id,phone,status) values (?,?,?,?,?)
Hibernate: select last_insert_rowid()
Hibernate: insert into food_items (available,category,description,image_url,keywords,name,price,quantity,restaurant_id) values (?,?,?,?,?,?,?,?,?)
Hibernate: select last_insert_rowid()
Hibernate: select fi1_0.id,fi1_0.available,fi1_0.category,fi1_0.description,fi1_0.image_url,fi1_0.keywords,fi1_0.name,fi1_0.price,fi1_0.quantity,fi1_0.restaurant_id from food_items fi1_0 where fi1_0.id=?
Hibernate: update food_items set available=?,category=?,description=?,image_url=?,keywords=?,name=?,price=?,quantity=?,restaurant_id=? where id=?
Hibernate: select fi1_0.id,fi1_0.available,fi1_0.category,fi1_0.description,fi1_0.image_url,fi1_0.keywords,fi1_0.name,fi1_0.price,fi1_0.quantity,fi1_0.restaurant_id from food_items fi1_0 where fi1_0.id=?
Hibernate: delete from food_items
Hibernate: delete from restaurants
Hibernate: insert into restaurants (address,name,owner_id,phone,status) values (?,?,?,?,?)
Hibernate: select last_insert_rowid()
Hibernate: insert into restaurants (address,name,owner_id,phone,status) values (?,?,?,?,?)
Hibernate: select last_insert_rowid()
Hibernate: insert into food_items (available,category,description,image_url,keywords,name,price,quantity,restaurant_id) values (?,?,?,?,?,?,?,?,?)
Hibernate: select last_insert_rowid()
Hibernate: select fi1_0.id,fi1_0.available,fi1_0.category,fi1_0.description,fi1_0.image_url,fi1_0.keywords,fi1_0.name,fi1_0.price,fi1_0.quantity,fi1_0.restaurant_id from food_items fi1_0 where fi1_0.id=?
Hibernate: update food_items set available=?,category=?,description=?,image_url=?,keywords=?,name=?,price=?,quantity=?,restaurant_id=? where id=?
Hibernate: select fi1_0.id,fi1_0.available,fi1_0.category,fi1_0.description,fi1_0.image_url,fi1_0.keywords,fi1_0.name,fi1_0.price,fi1_0.quantity,fi1_0.restaurant_id from food_items fi1_0 where fi1_0.id=?
Hibernate: delete from food_items
Hibernate: delete from restaurants
Hibernate: insert into restaurants (address,name,owner_id,phone,status) values (?,?,?,?,?)
Hibernate: select last_insert_rowid()
Hibernate: insert into restaurants (address,name,owner_id,phone,status) values (?,?,?,?,?)
Hibernate: select last_insert_rowid()
Hibernate: insert into food_items (available,category,description,image_url,keywords,name,price,quantity,restaurant_id) values (?,?,?,?,?,?,?,?,?)
Hibernate: select last_insert_rowid()
Hibernate: select fi1_0.id,fi1_0.available,fi1_0.category,fi1_0.description,fi1_0.image_url,fi1_0.keywords,fi1_0.name,fi1_0.price,fi1_0.quantity,fi1_0.restaurant_id from food_items fi1_0 where fi1_0.id=?
Hibernate: update food_items set available=?,category=?,description=?,image_url=?,keywords=?,name=?,price=?,quantity=?,restaurant_id=? where id=?
Hibernate: select fi1_0.id,fi1_0.available,fi1_0.category,fi1_0.description,fi1_0.image_url,fi1_0.keywords,fi1_0.name,fi1_0.price,fi1_0.quantity,fi1_0.restaurant_id from food_items fi1_0 where fi1_0.id=?
Hibernate: delete from food_items
Hibernate: delete from restaurants
Hibernate: insert into restaurants (address,name,owner_id,phone,status) values (?,?,?,?,?)
Hibernate: select last_insert_rowid()
Hibernate: insert into restaurants (address,name,owner_id,phone,status) values (?,?,?,?,?)
Hibernate: select last_insert_rowid()
Hibernate: select fi1_0.id,fi1_0.available,fi1_0.category,fi1_0.description,fi1_0.image_url,fi1_0.keywords,fi1_0.name,fi1_0.price,fi1_0.quantity,fi1_0.restaurant_id from food_items fi1_0 where fi1_0.id=?
Hibernate: delete from food_items
Hibernate: delete from restaurants
Hibernate: insert into restaurants (address,name,owner_id,phone,status) values (?,?,?,?,?)
Hibernate: select last_insert_rowid()
Hibernate: insert into restaurants (address,name,owner_id,phone,status) values (?,?,?,?,?)
Hibernate: select last_insert_rowid()
Hibernate: insert into food_items (available,category,description,image_url,keywords,name,price,quantity,restaurant_id) values (?,?,?,?,?,?,?,?,?)
Hibernate: select last_insert_rowid()
Hibernate: select fi1_0.id,fi1_0.available,fi1_0.category,fi1_0.description,fi1_0.image_url,fi1_0.keywords,fi1_0.name,fi1_0.price,fi1_0.quantity,fi1_0.restaurant_id from food_items fi1_0 where fi1_0.id=?
Hibernate: update food_items set available=?,category=?,description=?,image_url=?,keywords=?,name=?,price=?,quantity=?,restaurant_id=? where id=?
Hibernate: select fi1_0.id,fi1_0.available,fi1_0.category,fi1_0.description,fi1_0.image_url,fi1_0.keywords,fi1_0.name,fi1_0.price,fi1_0.quantity,fi1_0.restaurant_id from food_items fi1_0 where fi1_0.id=?
Hibernate: select fi1_0.id,fi1_0.available,fi1_0.category,fi1_0.description,fi1_0.image_url,fi1_0.keywords,fi1_0.name,fi1_0.price,fi1_0.quantity,fi1_0.restaurant_id from food_items fi1_0 where fi1_0.id=?
Hibernate: update food_items set available=?,category=?,description=?,image_url=?,keywords=?,name=?,price=?,quantity=?,restaurant_id=? where id=?
Hibernate: select fi1_0.id,fi1_0.available,fi1_0.category,fi1_0.description,fi1_0.image_url,fi1_0.keywords,fi1_0.name,fi1_0.price,fi1_0.quantity,fi1_0.restaurant_id from food_items fi1_0 where fi1_0.id=?
[INFO] Tests run: 8, Failures: 0, Errors: 0, Skipped: 0, Time elapsed: 0.321 s - in com.myapp.item.ItemRepositoryTest$UpdateOperationsTests
[INFO] Running com.myapp.item.ItemRepositoryTest$FindOperationsTests
Hibernate: delete from food_items
Hibernate: delete from restaurants
Hibernate: insert into restaurants (address,name,owner_id,phone,status) values (?,?,?,?,?)
Hibernate: select last_insert_rowid()
Hibernate: insert into restaurants (address,name,owner_id,phone,status) values (?,?,?,?,?)
Hibernate: select last_insert_rowid()
Hibernate: insert into food_items (available,category,description,image_url,keywords,name,price,quantity,restaurant_id) values (?,?,?,?,?,?,?,?,?)
Hibernate: select last_insert_rowid()
Hibernate: insert into food_items (available,category,description,image_url,keywords,name,price,quantity,restaurant_id) values (?,?,?,?,?,?,?,?,?)
Hibernate: select last_insert_rowid()
Hibernate: insert into food_items (available,category,description,image_url,keywords,name,price,quantity,restaurant_id) values (?,?,?,?,?,?,?,?,?)
Hibernate: select last_insert_rowid()
Hibernate: select fi1_0.id,fi1_0.available,fi1_0.category,fi1_0.description,fi1_0.image_url,fi1_0.keywords,fi1_0.name,fi1_0.price,fi1_0.quantity,fi1_0.restaurant_id from food_items fi1_0 where (lower(fi1_0.name) like ? or lower(fi1_0.keywords) like ?) and fi1_0.available=1
Hibernate: select fi1_0.id,fi1_0.available,fi1_0.category,fi1_0.description,fi1_0.image_url,fi1_0.keywords,fi1_0.name,fi1_0.price,fi1_0.quantity,fi1_0.restaurant_id from food_items fi1_0 where (lower(fi1_0.name) like ? or lower(fi1_0.keywords) like ?) and fi1_0.available=1
Hibernate: select fi1_0.id,fi1_0.available,fi1_0.category,fi1_0.description,fi1_0.image_url,fi1_0.keywords,fi1_0.name,fi1_0.price,fi1_0.quantity,fi1_0.restaurant_id from food_items fi1_0 where (lower(fi1_0.name) like ? or lower(fi1_0.keywords) like ?) and fi1_0.available=1
Hibernate: delete from food_items
Hibernate: delete from restaurants
Hibernate: insert into restaurants (address,name,owner_id,phone,status) values (?,?,?,?,?)
Hibernate: select last_insert_rowid()
Hibernate: insert into restaurants (address,name,owner_id,phone,status) values (?,?,?,?,?)
Hibernate: select last_insert_rowid()
Hibernate: insert into food_items (available,category,description,image_url,keywords,name,price,quantity,restaurant_id) values (?,?,?,?,?,?,?,?,?)
Hibernate: select last_insert_rowid()
Hibernate: insert into food_items (available,category,description,image_url,keywords,name,price,quantity,restaurant_id) values (?,?,?,?,?,?,?,?,?)
Hibernate: select last_insert_rowid()
Hibernate: select fi1_0.id,fi1_0.available,fi1_0.category,fi1_0.description,fi1_0.image_url,fi1_0.keywords,fi1_0.name,fi1_0.price,fi1_0.quantity,fi1_0.restaurant_id from food_items fi1_0 where fi1_0.id=?
Hibernate: delete from food_items
Hibernate: delete from restaurants
Hibernate: insert into restaurants (address,name,owner_id,phone,status) values (?,?,?,?,?)
Hibernate: select last_insert_rowid()
Hibernate: insert into restaurants (address,name,owner_id,phone,status) values (?,?,?,?,?)
Hibernate: select last_insert_rowid()
Hibernate: insert into food_items (available,category,description,image_url,keywords,name,price,quantity,restaurant_id) values (?,?,?,?,?,?,?,?,?)
Hibernate: select last_insert_rowid()
Hibernate: insert into food_items (available,category,description,image_url,keywords,name,price,quantity,restaurant_id) values (?,?,?,?,?,?,?,?,?)
Hibernate: select last_insert_rowid()
Hibernate: select fi1_0.id,fi1_0.available,fi1_0.category,fi1_0.description,fi1_0.image_url,fi1_0.keywords,fi1_0.name,fi1_0.price,fi1_0.quantity,fi1_0.restaurant_id from food_items fi1_0
Hibernate: delete from food_items
Hibernate: delete from restaurants
Hibernate: insert into restaurants (address,name,owner_id,phone,status) values (?,?,?,?,?)
Hibernate: select last_insert_rowid()
Hibernate: insert into restaurants (address,name,owner_id,phone,status) values (?,?,?,?,?)
Hibernate: select last_insert_rowid()
Hibernate: insert into food_items (available,category,description,image_url,keywords,name,price,quantity,restaurant_id) values (?,?,?,?,?,?,?,?,?)
Hibernate: select last_insert_rowid()
Hibernate: insert into food_items (available,category,description,image_url,keywords,name,price,quantity,restaurant_id) values (?,?,?,?,?,?,?,?,?)
Hibernate: select last_insert_rowid()
Hibernate: insert into food_items (available,category,description,image_url,keywords,name,price,quantity,restaurant_id) values (?,?,?,?,?,?,?,?,?)
Hibernate: select last_insert_rowid()
Hibernate: insert into food_items (available,category,description,image_url,keywords,name,price,quantity,restaurant_id) values (?,?,?,?,?,?,?,?,?)
Hibernate: select last_insert_rowid()
Hibernate: select fi1_0.id,fi1_0.available,fi1_0.category,fi1_0.description,fi1_0.image_url,fi1_0.keywords,fi1_0.name,fi1_0.price,fi1_0.quantity,fi1_0.restaurant_id from food_items fi1_0 where fi1_0.category=? and fi1_0.available=1
Hibernate: select fi1_0.id,fi1_0.available,fi1_0.category,fi1_0.description,fi1_0.image_url,fi1_0.keywords,fi1_0.name,fi1_0.price,fi1_0.quantity,fi1_0.restaurant_id from food_items fi1_0 where fi1_0.category=? and fi1_0.available=1
Hibernate: select fi1_0.id,fi1_0.available,fi1_0.category,fi1_0.description,fi1_0.image_url,fi1_0.keywords,fi1_0.name,fi1_0.price,fi1_0.quantity,fi1_0.restaurant_id from food_items fi1_0 where fi1_0.category=? and fi1_0.available=1
Hibernate: delete from food_items
Hibernate: delete from restaurants
Hibernate: insert into restaurants (address,name,owner_id,phone,status) values (?,?,?,?,?)
Hibernate: select last_insert_rowid()
Hibernate: insert into restaurants (address,name,owner_id,phone,status) values (?,?,?,?,?)
Hibernate: select last_insert_rowid()
Hibernate: insert into food_items (available,category,description,image_url,keywords,name,price,quantity,restaurant_id) values (?,?,?,?,?,?,?,?,?)
Hibernate: select last_insert_rowid()
Hibernate: insert into food_items (available,category,description,image_url,keywords,name,price,quantity,restaurant_id) values (?,?,?,?,?,?,?,?,?)
Hibernate: select last_insert_rowid()
Hibernate: insert into food_items (available,category,description,image_url,keywords,name,price,quantity,restaurant_id) values (?,?,?,?,?,?,?,?,?)
Hibernate: select last_insert_rowid()
Hibernate: insert into food_items (available,category,description,image_url,keywords,name,price,quantity,restaurant_id) values (?,?,?,?,?,?,?,?,?)
Hibernate: select last_insert_rowid()
Hibernate: select fi1_0.id,fi1_0.available,fi1_0.category,fi1_0.description,fi1_0.image_url,fi1_0.keywords,fi1_0.name,fi1_0.price,fi1_0.quantity,fi1_0.restaurant_id from food_items fi1_0 where fi1_0.restaurant_id=? and fi1_0.available=1 and fi1_0.quantity>0
Hibernate: delete from food_items
Hibernate: delete from restaurants
Hibernate: insert into restaurants (address,name,owner_id,phone,status) values (?,?,?,?,?)
Hibernate: select last_insert_rowid()
Hibernate: insert into restaurants (address,name,owner_id,phone,status) values (?,?,?,?,?)
Hibernate: select last_insert_rowid()
Hibernate: insert into food_items (available,category,description,image_url,keywords,name,price,quantity,restaurant_id) values (?,?,?,?,?,?,?,?,?)
Hibernate: select last_insert_rowid()
Hibernate: insert into food_items (available,category,description,image_url,keywords,name,price,quantity,restaurant_id) values (?,?,?,?,?,?,?,?,?)
Hibernate: select last_insert_rowid()
Hibernate: insert into food_items (available,category,description,image_url,keywords,name,price,quantity,restaurant_id) values (?,?,?,?,?,?,?,?,?)
Hibernate: select last_insert_rowid()
Hibernate: select fi1_0.id,fi1_0.available,fi1_0.category,fi1_0.description,fi1_0.image_url,fi1_0.keywords,fi1_0.name,fi1_0.price,fi1_0.quantity,fi1_0.restaurant_id from food_items fi1_0 where fi1_0.restaurant_id=?
Hibernate: select fi1_0.id,fi1_0.available,fi1_0.category,fi1_0.description,fi1_0.image_url,fi1_0.keywords,fi1_0.name,fi1_0.price,fi1_0.quantity,fi1_0.restaurant_id from food_items fi1_0 where fi1_0.restaurant_id=?
Hibernate: delete from food_items
Hibernate: delete from restaurants
Hibernate: insert into restaurants (address,name,owner_id,phone,status) values (?,?,?,?,?)
Hibernate: select last_insert_rowid()
Hibernate: insert into restaurants (address,name,owner_id,phone,status) values (?,?,?,?,?)
Hibernate: select last_insert_rowid()
Hibernate: select fi1_0.id,fi1_0.available,fi1_0.category,fi1_0.description,fi1_0.image_url,fi1_0.keywords,fi1_0.name,fi1_0.price,fi1_0.quantity,fi1_0.restaurant_id from food_items fi1_0 where fi1_0.id=?
Hibernate: delete from food_items
Hibernate: delete from restaurants
Hibernate: insert into restaurants (address,name,owner_id,phone,status) values (?,?,?,?,?)
Hibernate: select last_insert_rowid()
Hibernate: insert into restaurants (address,name,owner_id,phone,status) values (?,?,?,?,?)
Hibernate: select last_insert_rowid()
Hibernate: insert into food_items (available,category,description,image_url,keywords,name,price,quantity,restaurant_id) values (?,?,?,?,?,?,?,?,?)
Hibernate: select last_insert_rowid()
Hibernate: select fi1_0.id,fi1_0.available,fi1_0.category,fi1_0.description,fi1_0.image_url,fi1_0.keywords,fi1_0.name,fi1_0.price,fi1_0.quantity,fi1_0.restaurant_id from food_items fi1_0 where (lower(fi1_0.name) like ? or lower(fi1_0.keywords) like ?) and fi1_0.available=1
Hibernate: delete from food_items
Hibernate: delete from restaurants
Hibernate: insert into restaurants (address,name,owner_id,phone,status) values (?,?,?,?,?)
Hibernate: select last_insert_rowid()
Hibernate: insert into restaurants (address,name,owner_id,phone,status) values (?,?,?,?,?)
Hibernate: select last_insert_rowid()
Hibernate: insert into food_items (available,category,description,image_url,keywords,name,price,quantity,restaurant_id) values (?,?,?,?,?,?,?,?,?)
Hibernate: select last_insert_rowid()
Hibernate: select fi1_0.id,fi1_0.available,fi1_0.category,fi1_0.description,fi1_0.image_url,fi1_0.keywords,fi1_0.name,fi1_0.price,fi1_0.quantity,fi1_0.restaurant_id from food_items fi1_0 where (lower(fi1_0.name) like ? or lower(fi1_0.keywords) like ?) and fi1_0.available=1
Hibernate: delete from food_items
Hibernate: delete from restaurants
Hibernate: insert into restaurants (address,name,owner_id,phone,status) values (?,?,?,?,?)
Hibernate: select last_insert_rowid()
Hibernate: insert into restaurants (address,name,owner_id,phone,status) values (?,?,?,?,?)
Hibernate: select last_insert_rowid()
Hibernate: insert into food_items (available,category,description,image_url,keywords,name,price,quantity,restaurant_id) values (?,?,?,?,?,?,?,?,?)
Hibernate: select last_insert_rowid()
Hibernate: select fi1_0.id,fi1_0.available,fi1_0.category,fi1_0.description,fi1_0.image_url,fi1_0.keywords,fi1_0.name,fi1_0.price,fi1_0.quantity,fi1_0.restaurant_id from food_items fi1_0 where (lower(fi1_0.name) like ? or lower(fi1_0.keywords) like ?) and fi1_0.available=1
Hibernate: delete from food_items
Hibernate: delete from restaurants
Hibernate: insert into restaurants (address,name,owner_id,phone,status) values (?,?,?,?,?)
Hibernate: select last_insert_rowid()
Hibernate: insert into restaurants (address,name,owner_id,phone,status) values (?,?,?,?,?)
Hibernate: select last_insert_rowid()
Hibernate: insert into food_items (available,category,description,image_url,keywords,name,price,quantity,restaurant_id) values (?,?,?,?,?,?,?,?,?)
Hibernate: select last_insert_rowid()
Hibernate: select fi1_0.id,fi1_0.available,fi1_0.category,fi1_0.description,fi1_0.image_url,fi1_0.keywords,fi1_0.name,fi1_0.price,fi1_0.quantity,fi1_0.restaurant_id from food_items fi1_0 where (lower(fi1_0.name) like ? or lower(fi1_0.keywords) like ?) and fi1_0.available=1
[INFO] Tests run: 11, Failures: 0, Errors: 0, Skipped: 0, Time elapsed: 0.276 s - in com.myapp.item.ItemRepositoryTest$FindOperationsTests
[INFO] Running com.myapp.item.ItemRepositoryTest$SaveOperationsTests
Hibernate: delete from food_items
Hibernate: delete from restaurants
Hibernate: insert into restaurants (address,name,owner_id,phone,status) values (?,?,?,?,?)
Hibernate: select last_insert_rowid()
Hibernate: insert into restaurants (address,name,owner_id,phone,status) values (?,?,?,?,?)
Hibernate: select last_insert_rowid()
Hibernate: insert into food_items (available,category,description,image_url,keywords,name,price,quantity,restaurant_id) values (?,?,?,?,?,?,?,?,?)
Hibernate: select last_insert_rowid()
Hibernate: select fi1_0.id,fi1_0.available,fi1_0.category,fi1_0.description,fi1_0.image_url,fi1_0.keywords,fi1_0.name,fi1_0.price,fi1_0.quantity,fi1_0.restaurant_id from food_items fi1_0 where fi1_0.id=?
Hibernate: update food_items set available=?,category=?,description=?,image_url=?,keywords=?,name=?,price=?,quantity=?,restaurant_id=? where id=?
Hibernate: delete from food_items
Hibernate: delete from restaurants
Hibernate: insert into restaurants (address,name,owner_id,phone,status) values (?,?,?,?,?)
Hibernate: select last_insert_rowid()
Hibernate: insert into restaurants (address,name,owner_id,phone,status) values (?,?,?,?,?)
Hibernate: select last_insert_rowid()
Hibernate: insert into food_items (available,category,description,image_url,keywords,name,price,quantity,restaurant_id) values (?,?,?,?,?,?,?,?,?)
Hibernate: select last_insert_rowid()
Hibernate: delete from food_items
Hibernate: delete from restaurants
Hibernate: insert into restaurants (address,name,owner_id,phone,status) values (?,?,?,?,?)
Hibernate: select last_insert_rowid()
Hibernate: insert into restaurants (address,name,owner_id,phone,status) values (?,?,?,?,?)
Hibernate: select last_insert_rowid()
Hibernate: insert into food_items (available,category,description,image_url,keywords,name,price,quantity,restaurant_id) values (?,?,?,?,?,?,?,?,?)
Hibernate: select last_insert_rowid()
Hibernate: delete from food_items
Hibernate: delete from restaurants
Hibernate: insert into restaurants (address,name,owner_id,phone,status) values (?,?,?,?,?)
Hibernate: select last_insert_rowid()
Hibernate: insert into restaurants (address,name,owner_id,phone,status) values (?,?,?,?,?)
Hibernate: select last_insert_rowid()
Hibernate: insert into food_items (available,category,description,image_url,keywords,name,price,quantity,restaurant_id) values (?,?,?,?,?,?,?,?,?)
Hibernate: select last_insert_rowid()
[INFO] Tests run: 4, Failures: 0, Errors: 0, Skipped: 0, Time elapsed: 0.067 s - in com.myapp.item.ItemRepositoryTest$SaveOperationsTests
[INFO] Tests run: 0, Failures: 0, Errors: 0, Skipped: 0, Time elapsed: 11.34 s - in com.myapp.item.ItemRepositoryTest
[INFO] Running com.myapp.item.ItemServiceEdgeCaseTest
? Global test restaurant created with ID: 100000
[INFO] Running com.myapp.item.ItemServiceEdgeCaseTest$ErrorRecoveryTests
Hibernate: delete from notifications
Hibernate: delete from ratings
Hibernate: delete from order_items
Hibernate: delete from orders
Hibernate: delete from food_items
Hibernate: delete from restaurants
Hibernate: delete from users
Hibernate: select r1_0.id,r1_0.address,r1_0.name,r1_0.owner_id,r1_0.phone,r1_0.status from restaurants r1_0 where r1_0.id=?
Hibernate: insert into restaurants (address,name,owner_id,phone,status) values (?,?,?,?,?)
Hibernate: select last_insert_rowid()
? Global restaurant saved to repository for tests
Hibernate: select r1_0.id,r1_0.address,r1_0.name,r1_0.owner_id,r1_0.phone,r1_0.status from restaurants r1_0 where r1_0.id=?
Hibernate: insert into restaurants (address,name,owner_id,phone,status) values (?,?,?,?,?)
Hibernate: select last_insert_rowid()
? Global restaurant saved successfully - ID: 100000
Hibernate: select r1_0.id,r1_0.address,r1_0.name,r1_0.owner_id,r1_0.phone,r1_0.status from restaurants r1_0 where r1_0.id=?
?? Cannot test rollback due to: NotFoundException
Hibernate: delete from notifications
Hibernate: delete from ratings
Hibernate: delete from order_items
Hibernate: delete from orders
Hibernate: delete from food_items
Hibernate: delete from restaurants
Hibernate: delete from users
Hibernate: select r1_0.id,r1_0.address,r1_0.name,r1_0.owner_id,r1_0.phone,r1_0.status from restaurants r1_0 where r1_0.id=?
Hibernate: insert into restaurants (address,name,owner_id,phone,status) values (?,?,?,?,?)
Hibernate: select last_insert_rowid()
? Global restaurant saved to repository for tests
Hibernate: select r1_0.id,r1_0.address,r1_0.name,r1_0.owner_id,r1_0.phone,r1_0.status from restaurants r1_0 where r1_0.id=?
Hibernate: insert into restaurants (address,name,owner_id,phone,status) values (?,?,?,?,?)
Hibernate: select last_insert_rowid()
? Global restaurant saved successfully - ID: 100000
Hibernate: select r1_0.id,r1_0.address,r1_0.name,r1_0.owner_id,r1_0.phone,r1_0.status from restaurants r1_0 where r1_0.id=?
?? Attempt 1 failed: NotFoundException
Hibernate: select r1_0.id,r1_0.address,r1_0.name,r1_0.owner_id,r1_0.phone,r1_0.status from restaurants r1_0 where r1_0.id=?
?? Attempt 2 failed: NotFoundException
Hibernate: select r1_0.id,r1_0.address,r1_0.name,r1_0.owner_id,r1_0.phone,r1_0.status from restaurants r1_0 where r1_0.id=?
?? Attempt 3 failed: NotFoundException
? System handled failures gracefully after 3 attempts
[INFO] Tests run: 2, Failures: 0, Errors: 0, Skipped: 0, Time elapsed: 0.41 s - in com.myapp.item.ItemServiceEdgeCaseTest$ErrorRecoveryTests
[INFO] Running com.myapp.item.ItemServiceEdgeCaseTest$BulkOperationsTests
Hibernate: delete from notifications
Hibernate: delete from ratings
Hibernate: delete from order_items
Hibernate: delete from orders
Hibernate: delete from food_items
Hibernate: delete from restaurants
Hibernate: delete from users
Hibernate: select r1_0.id,r1_0.address,r1_0.name,r1_0.owner_id,r1_0.phone,r1_0.status from restaurants r1_0 where r1_0.id=?
Hibernate: insert into restaurants (address,name,owner_id,phone,status) values (?,?,?,?,?)
Hibernate: select last_insert_rowid()
? Global restaurant saved to repository for tests
Hibernate: select r1_0.id,r1_0.address,r1_0.name,r1_0.owner_id,r1_0.phone,r1_0.status from restaurants r1_0 where r1_0.id=?
Hibernate: insert into restaurants (address,name,owner_id,phone,status) values (?,?,?,?,?)
Hibernate: select last_insert_rowid()
? Global restaurant saved successfully - ID: 100000
Hibernate: select r1_0.id,r1_0.address,r1_0.name,r1_0.owner_id,r1_0.phone,r1_0.status from restaurants r1_0 where r1_0.id=?
Hibernate: select r1_0.id,r1_0.address,r1_0.name,r1_0.owner_id,r1_0.phone,r1_0.status from restaurants r1_0 where r1_0.id=?
Hibernate: select r1_0.id,r1_0.address,r1_0.name,r1_0.owner_id,r1_0.phone,r1_0.status from restaurants r1_0 where r1_0.id=?
Hibernate: select r1_0.id,r1_0.address,r1_0.name,r1_0.owner_id,r1_0.phone,r1_0.status from restaurants r1_0 where r1_0.id=?
Hibernate: select r1_0.id,r1_0.address,r1_0.name,r1_0.owner_id,r1_0.phone,r1_0.status from restaurants r1_0 where r1_0.id=?
Hibernate: select r1_0.id,r1_0.address,r1_0.name,r1_0.owner_id,r1_0.phone,r1_0.status from restaurants r1_0 where r1_0.id=?
?? Bulk item creation exception: NotFoundException
Hibernate: select r1_0.id,r1_0.address,r1_0.name,r1_0.owner_id,r1_0.phone,r1_0.status from restaurants r1_0 where r1_0.id=?
Hibernate: select r1_0.id,r1_0.address,r1_0.name,r1_0.owner_id,r1_0.phone,r1_0.status from restaurants r1_0 where r1_0.id=?
?? Bulk item creation exception: NotFoundException
Hibernate: select r1_0.id,r1_0.address,r1_0.name,r1_0.owner_id,r1_0.phone,r1_0.status from restaurants r1_0 where r1_0.id=?
Hibernate: select r1_0.id,r1_0.address,r1_0.name,r1_0.owner_id,r1_0.phone,r1_0.status from restaurants r1_0 where r1_0.id=?
Hibernate: select r1_0.id,r1_0.address,r1_0.name,r1_0.owner_id,r1_0.phone,r1_0.status from restaurants r1_0 where r1_0.id=?
Hibernate: select r1_0.id,r1_0.address,r1_0.name,r1_0.owner_id,r1_0.phone,r1_0.status from restaurants r1_0 where r1_0.id=?
Hibernate: select r1_0.id,r1_0.address,r1_0.name,r1_0.owner_id,r1_0.phone,r1_0.status from restaurants r1_0 where r1_0.id=?
Hibernate: select r1_0.id,r1_0.address,r1_0.name,r1_0.owner_id,r1_0.phone,r1_0.status from restaurants r1_0 where r1_0.id=?
?? Bulk item creation exception: NotFoundException
Hibernate: select r1_0.id,r1_0.address,r1_0.name,r1_0.owner_id,r1_0.phone,r1_0.status from restaurants r1_0 where r1_0.id=?
Hibernate: select r1_0.id,r1_0.address,r1_0.name,r1_0.owner_id,r1_0.phone,r1_0.status from restaurants r1_0 where r1_0.id=?
Hibernate: select r1_0.id,r1_0.address,r1_0.name,r1_0.owner_id,r1_0.phone,r1_0.status from restaurants r1_0 where r1_0.id=?
Hibernate: select r1_0.id,r1_0.address,r1_0.name,r1_0.owner_id,r1_0.phone,r1_0.status from restaurants r1_0 where r1_0.id=?
Hibernate: select r1_0.id,r1_0.address,r1_0.name,r1_0.owner_id,r1_0.phone,r1_0.status from restaurants r1_0 where r1_0.id=?
?? Bulk item creation exception: NotFoundException
?? Bulk item creation exception: NotFoundException
Hibernate: select r1_0.id,r1_0.address,r1_0.name,r1_0.owner_id,r1_0.phone,r1_0.status from restaurants r1_0 where r1_0.id=?
?? Bulk item creation exception: NotFoundException
?? Bulk item creation exception: NotFoundException
?? Bulk item creation exception: NotFoundException
?? Bulk item creation exception: NotFoundException
?? Bulk item creation exception: NotFoundException
?? Bulk item creation exception: HibernateException
?? Bulk item creation exception: HibernateException
?? Bulk item creation exception: HibernateException
?? Bulk item creation exception: HibernateException
?? Bulk item creation exception: HibernateException
?? Bulk item creation exception: HibernateException
?? Bulk item creation exception: HibernateException
?? Bulk item creation exception: HibernateException
?? Bulk item creation exception: HibernateException
?? Bulk item creation exception: HibernateException
? Created 0 items in 44 ms
? Bulk operation completed without crashing
Hibernate: delete from notifications
Hibernate: delete from ratings
Hibernate: delete from order_items
Hibernate: delete from orders
Hibernate: delete from food_items
Hibernate: delete from restaurants
Hibernate: delete from users
Hibernate: select r1_0.id,r1_0.address,r1_0.name,r1_0.owner_id,r1_0.phone,r1_0.status from restaurants r1_0 where r1_0.id=?
Hibernate: insert into restaurants (address,name,owner_id,phone,status) values (?,?,?,?,?)
Hibernate: select last_insert_rowid()
? Global restaurant saved to repository for tests
Hibernate: select r1_0.id,r1_0.address,r1_0.name,r1_0.owner_id,r1_0.phone,r1_0.status from restaurants r1_0 where r1_0.id=?
Hibernate: insert into restaurants (address,name,owner_id,phone,status) values (?,?,?,?,?)
Hibernate: select last_insert_rowid()
? Global restaurant saved successfully - ID: 100000
Hibernate: select r1_0.id,r1_0.address,r1_0.name,r1_0.owner_id,r1_0.phone,r1_0.status from restaurants r1_0 where r1_0.id=?
?? Could not create item 0: NotFoundException
Hibernate: select r1_0.id,r1_0.address,r1_0.name,r1_0.owner_id,r1_0.phone,r1_0.status from restaurants r1_0 where r1_0.id=?
?? Could not create item 1: NotFoundException
Hibernate: select r1_0.id,r1_0.address,r1_0.name,r1_0.owner_id,r1_0.phone,r1_0.status from restaurants r1_0 where r1_0.id=?
?? Could not create item 2: NotFoundException
Hibernate: select r1_0.id,r1_0.address,r1_0.name,r1_0.owner_id,r1_0.phone,r1_0.status from restaurants r1_0 where r1_0.id=?
?? Could not create item 3: NotFoundException
Hibernate: select r1_0.id,r1_0.address,r1_0.name,r1_0.owner_id,r1_0.phone,r1_0.status from restaurants r1_0 where r1_0.id=?
?? Could not create item 4: NotFoundException
Hibernate: select r1_0.id,r1_0.address,r1_0.name,r1_0.owner_id,r1_0.phone,r1_0.status from restaurants r1_0 where r1_0.id=?
?? Could not create item 5: NotFoundException
Hibernate: select r1_0.id,r1_0.address,r1_0.name,r1_0.owner_id,r1_0.phone,r1_0.status from restaurants r1_0 where r1_0.id=?
?? Could not create item 6: NotFoundException
Hibernate: select r1_0.id,r1_0.address,r1_0.name,r1_0.owner_id,r1_0.phone,r1_0.status from restaurants r1_0 where r1_0.id=?
?? Could not create item 7: NotFoundException
Hibernate: select r1_0.id,r1_0.address,r1_0.name,r1_0.owner_id,r1_0.phone,r1_0.status from restaurants r1_0 where r1_0.id=?
?? Could not create item 8: NotFoundException
Hibernate: select r1_0.id,r1_0.address,r1_0.name,r1_0.owner_id,r1_0.phone,r1_0.status from restaurants r1_0 where r1_0.id=?
?? Could not create item 9: NotFoundException
?? No items created for bulk availability test
[INFO] Tests run: 2, Failures: 0, Errors: 0, Skipped: 0, Time elapsed: 0.097 s - in com.myapp.item.ItemServiceEdgeCaseTest$BulkOperationsTests
[INFO] Running com.myapp.item.ItemServiceEdgeCaseTest$ConcurrentOperationsTests
Hibernate: delete from notifications
Hibernate: delete from ratings
Hibernate: delete from order_items
Hibernate: delete from orders
Hibernate: delete from food_items
Hibernate: delete from restaurants
Hibernate: delete from users
Hibernate: select r1_0.id,r1_0.address,r1_0.name,r1_0.owner_id,r1_0.phone,r1_0.status from restaurants r1_0 where r1_0.id=?
Hibernate: insert into restaurants (address,name,owner_id,phone,status) values (?,?,?,?,?)
Hibernate: select last_insert_rowid()
? Global restaurant saved to repository for tests
Hibernate: select r1_0.id,r1_0.address,r1_0.name,r1_0.owner_id,r1_0.phone,r1_0.status from restaurants r1_0 where r1_0.id=?
Hibernate: insert into restaurants (address,name,owner_id,phone,status) values (?,?,?,?,?)
Hibernate: select last_insert_rowid()
? Global restaurant saved successfully - ID: 100000
Hibernate: select r1_0.id,r1_0.address,r1_0.name,r1_0.owner_id,r1_0.phone,r1_0.status from restaurants r1_0 where r1_0.id=?
?? Cannot test concurrent updates due to: NotFoundException
Hibernate: delete from notifications
Hibernate: delete from ratings
Hibernate: delete from order_items
Hibernate: delete from orders
Hibernate: delete from food_items
Hibernate: delete from restaurants
Hibernate: delete from users
Hibernate: select r1_0.id,r1_0.address,r1_0.name,r1_0.owner_id,r1_0.phone,r1_0.status from restaurants r1_0 where r1_0.id=?
Hibernate: insert into restaurants (address,name,owner_id,phone,status) values (?,?,?,?,?)
Hibernate: select last_insert_rowid()
? Global restaurant saved to repository for tests
Hibernate: select r1_0.id,r1_0.address,r1_0.name,r1_0.owner_id,r1_0.phone,r1_0.status from restaurants r1_0 where r1_0.id=?
Hibernate: insert into restaurants (address,name,owner_id,phone,status) values (?,?,?,?,?)
Hibernate: select last_insert_rowid()
? Global restaurant saved successfully - ID: 100000
Hibernate: select r1_0.id,r1_0.address,r1_0.name,r1_0.owner_id,r1_0.phone,r1_0.status from restaurants r1_0 where r1_0.id=?
Hibernate: select r1_0.id,r1_0.address,r1_0.name,r1_0.owner_id,r1_0.phone,r1_0.status from restaurants r1_0 where r1_0.id=?
Hibernate: select r1_0.id,r1_0.address,r1_0.name,r1_0.owner_id,r1_0.phone,r1_0.status from restaurants r1_0 where r1_0.id=?
Hibernate: select r1_0.id,r1_0.address,r1_0.name,r1_0.owner_id,r1_0.phone,r1_0.status from restaurants r1_0 where r1_0.id=?
Hibernate: select r1_0.id,r1_0.address,r1_0.name,r1_0.owner_id,r1_0.phone,r1_0.status from restaurants r1_0 where r1_0.id=?
Hibernate: select r1_0.id,r1_0.address,r1_0.name,r1_0.owner_id,r1_0.phone,r1_0.status from restaurants r1_0 where r1_0.id=?
Hibernate: select r1_0.id,r1_0.address,r1_0.name,r1_0.owner_id,r1_0.phone,r1_0.status from restaurants r1_0 where r1_0.id=?
Hibernate: select r1_0.id,r1_0.address,r1_0.name,r1_0.owner_id,r1_0.phone,r1_0.status from restaurants r1_0 where r1_0.id=?
?? Concurrent creation thread 3 failed: NotFoundException
?? Concurrent creation thread 4 failed: NotFoundException
?? Concurrent creation thread 0 failed: NotFoundException
?? Concurrent creation thread 6 failed: NotFoundException
?? Concurrent creation thread 1 failed: NotFoundException
Hibernate: select r1_0.id,r1_0.address,r1_0.name,r1_0.owner_id,r1_0.phone,r1_0.status from restaurants r1_0 where r1_0.id=?
?? Concurrent creation thread 2 failed: NotFoundException
Hibernate: select r1_0.id,r1_0.address,r1_0.name,r1_0.owner_id,r1_0.phone,r1_0.status from restaurants r1_0 where r1_0.id=?
?? Concurrent creation thread 8 failed: NotFoundException
?? Concurrent creation thread 5 failed: HibernateException
?? Concurrent creation thread 7 failed: NotFoundException
?? Concurrent creation thread 9 failed: NotFoundException
? Concurrent operations: 0/10 successful
? No deadlocks detected - concurrent operations completed
[INFO] Tests run: 2, Failures: 0, Errors: 0, Skipped: 0, Time elapsed: 0.052 s - in com.myapp.item.ItemServiceEdgeCaseTest$ConcurrentOperationsTests
[INFO] Running com.myapp.item.ItemServiceEdgeCaseTest$SpecialCharactersTests
Hibernate: delete from notifications
Hibernate: delete from ratings
Hibernate: delete from order_items
Hibernate: delete from orders
Hibernate: delete from food_items
Hibernate: delete from restaurants
Hibernate: delete from users
Hibernate: select r1_0.id,r1_0.address,r1_0.name,r1_0.owner_id,r1_0.phone,r1_0.status from restaurants r1_0 where r1_0.id=?
Hibernate: insert into restaurants (address,name,owner_id,phone,status) values (?,?,?,?,?)
Hibernate: select last_insert_rowid()
? Global restaurant saved to repository for tests
Hibernate: select r1_0.id,r1_0.address,r1_0.name,r1_0.owner_id,r1_0.phone,r1_0.status from restaurants r1_0 where r1_0.id=?
Hibernate: insert into restaurants (address,name,owner_id,phone,status) values (?,?,?,?,?)
Hibernate: select last_insert_rowid()
? Global restaurant saved successfully - ID: 100000
Hibernate: select r1_0.id,r1_0.address,r1_0.name,r1_0.owner_id,r1_0.phone,r1_0.status from restaurants r1_0 where r1_0.id=?
?? Expected exception for special chars: NotFoundException
Hibernate: delete from notifications
Hibernate: delete from ratings
Hibernate: delete from order_items
Hibernate: delete from orders
Hibernate: delete from food_items
Hibernate: delete from restaurants
Hibernate: delete from users
Hibernate: select r1_0.id,r1_0.address,r1_0.name,r1_0.owner_id,r1_0.phone,r1_0.status from restaurants r1_0 where r1_0.id=?
Hibernate: insert into restaurants (address,name,owner_id,phone,status) values (?,?,?,?,?)
Hibernate: select last_insert_rowid()
? Global restaurant saved to repository for tests
Hibernate: select r1_0.id,r1_0.address,r1_0.name,r1_0.owner_id,r1_0.phone,r1_0.status from restaurants r1_0 where r1_0.id=?
Hibernate: insert into restaurants (address,name,owner_id,phone,status) values (?,?,?,?,?)
Hibernate: select last_insert_rowid()
? Global restaurant saved successfully - ID: 100000
Hibernate: select r1_0.id,r1_0.address,r1_0.name,r1_0.owner_id,r1_0.phone,r1_0.status from restaurants r1_0 where r1_0.id=?
?? Expected exception for special chars: NotFoundException
Hibernate: delete from notifications
Hibernate: delete from ratings
Hibernate: delete from order_items
Hibernate: delete from orders
Hibernate: delete from food_items
Hibernate: delete from restaurants
Hibernate: delete from users
Hibernate: select r1_0.id,r1_0.address,r1_0.name,r1_0.owner_id,r1_0.phone,r1_0.status from restaurants r1_0 where r1_0.id=?
Hibernate: insert into restaurants (address,name,owner_id,phone,status) values (?,?,?,?,?)
Hibernate: select last_insert_rowid()
? Global restaurant saved to repository for tests
Hibernate: select r1_0.id,r1_0.address,r1_0.name,r1_0.owner_id,r1_0.phone,r1_0.status from restaurants r1_0 where r1_0.id=?
Hibernate: insert into restaurants (address,name,owner_id,phone,status) values (?,?,?,?,?)
Hibernate: select last_insert_rowid()
? Global restaurant saved successfully - ID: 100000
Hibernate: select r1_0.id,r1_0.address,r1_0.name,r1_0.owner_id,r1_0.phone,r1_0.status from restaurants r1_0 where r1_0.id=?
?? Expected exception for special chars: NotFoundException
Hibernate: delete from notifications
Hibernate: delete from ratings
Hibernate: delete from order_items
Hibernate: delete from orders
Hibernate: delete from food_items
Hibernate: delete from restaurants
Hibernate: delete from users
Hibernate: select r1_0.id,r1_0.address,r1_0.name,r1_0.owner_id,r1_0.phone,r1_0.status from restaurants r1_0 where r1_0.id=?
Hibernate: insert into restaurants (address,name,owner_id,phone,status) values (?,?,?,?,?)
Hibernate: select last_insert_rowid()
? Global restaurant saved to repository for tests
Hibernate: select r1_0.id,r1_0.address,r1_0.name,r1_0.owner_id,r1_0.phone,r1_0.status from restaurants r1_0 where r1_0.id=?
Hibernate: insert into restaurants (address,name,owner_id,phone,status) values (?,?,?,?,?)
Hibernate: select last_insert_rowid()
? Global restaurant saved successfully - ID: 100000
Hibernate: select r1_0.id,r1_0.address,r1_0.name,r1_0.owner_id,r1_0.phone,r1_0.status from restaurants r1_0 where r1_0.id=?
?? Expected exception for special chars: NotFoundException
Hibernate: delete from notifications
Hibernate: delete from ratings
Hibernate: delete from order_items
Hibernate: delete from orders
Hibernate: delete from food_items
Hibernate: delete from restaurants
Hibernate: delete from users
Hibernate: select r1_0.id,r1_0.address,r1_0.name,r1_0.owner_id,r1_0.phone,r1_0.status from restaurants r1_0 where r1_0.id=?
Hibernate: insert into restaurants (address,name,owner_id,phone,status) values (?,?,?,?,?)
Hibernate: select last_insert_rowid()
? Global restaurant saved to repository for tests
Hibernate: select r1_0.id,r1_0.address,r1_0.name,r1_0.owner_id,r1_0.phone,r1_0.status from restaurants r1_0 where r1_0.id=?
Hibernate: insert into restaurants (address,name,owner_id,phone,status) values (?,?,?,?,?)
Hibernate: select last_insert_rowid()
? Global restaurant saved successfully - ID: 100000
Hibernate: select r1_0.id,r1_0.address,r1_0.name,r1_0.owner_id,r1_0.phone,r1_0.status from restaurants r1_0 where r1_0.id=?
?? Expected exception for special chars: NotFoundException
Hibernate: delete from notifications
Hibernate: delete from ratings
Hibernate: delete from order_items
Hibernate: delete from orders
Hibernate: delete from food_items
Hibernate: delete from restaurants
Hibernate: delete from users
Hibernate: select r1_0.id,r1_0.address,r1_0.name,r1_0.owner_id,r1_0.phone,r1_0.status from restaurants r1_0 where r1_0.id=?
Hibernate: insert into restaurants (address,name,owner_id,phone,status) values (?,?,?,?,?)
Hibernate: select last_insert_rowid()
? Global restaurant saved to repository for tests
Hibernate: select r1_0.id,r1_0.address,r1_0.name,r1_0.owner_id,r1_0.phone,r1_0.status from restaurants r1_0 where r1_0.id=?
Hibernate: insert into restaurants (address,name,owner_id,phone,status) values (?,?,?,?,?)
Hibernate: select last_insert_rowid()
? Global restaurant saved successfully - ID: 100000
Hibernate: select r1_0.id,r1_0.address,r1_0.name,r1_0.owner_id,r1_0.phone,r1_0.status from restaurants r1_0 where r1_0.id=?
?? Expected exception for special chars: NotFoundException
Hibernate: delete from notifications
Hibernate: delete from ratings
Hibernate: delete from order_items
Hibernate: delete from orders
Hibernate: delete from food_items
Hibernate: delete from restaurants
Hibernate: delete from users
Hibernate: select r1_0.id,r1_0.address,r1_0.name,r1_0.owner_id,r1_0.phone,r1_0.status from restaurants r1_0 where r1_0.id=?
Hibernate: insert into restaurants (address,name,owner_id,phone,status) values (?,?,?,?,?)
Hibernate: select last_insert_rowid()
? Global restaurant saved to repository for tests
Hibernate: select r1_0.id,r1_0.address,r1_0.name,r1_0.owner_id,r1_0.phone,r1_0.status from restaurants r1_0 where r1_0.id=?
Hibernate: insert into restaurants (address,name,owner_id,phone,status) values (?,?,?,?,?)
Hibernate: select last_insert_rowid()
? Global restaurant saved successfully - ID: 100000
Hibernate: select r1_0.id,r1_0.address,r1_0.name,r1_0.owner_id,r1_0.phone,r1_0.status from restaurants r1_0 where r1_0.id=?
?? Expected exception for special chars: NotFoundException
Hibernate: delete from notifications
Hibernate: delete from ratings
Hibernate: delete from order_items
Hibernate: delete from orders
Hibernate: delete from food_items
Hibernate: delete from restaurants
Hibernate: delete from users
Hibernate: select r1_0.id,r1_0.address,r1_0.name,r1_0.owner_id,r1_0.phone,r1_0.status from restaurants r1_0 where r1_0.id=?
Hibernate: insert into restaurants (address,name,owner_id,phone,status) values (?,?,?,?,?)
Hibernate: select last_insert_rowid()
? Global restaurant saved to repository for tests
Hibernate: select r1_0.id,r1_0.address,r1_0.name,r1_0.owner_id,r1_0.phone,r1_0.status from restaurants r1_0 where r1_0.id=?
Hibernate: insert into restaurants (address,name,owner_id,phone,status) values (?,?,?,?,?)
Hibernate: select last_insert_rowid()
? Global restaurant saved successfully - ID: 100000
Hibernate: select r1_0.id,r1_0.address,r1_0.name,r1_0.owner_id,r1_0.phone,r1_0.status from restaurants r1_0 where r1_0.id=?
?? Expected exception for special chars: NotFoundException
Hibernate: delete from notifications
Hibernate: delete from ratings
Hibernate: delete from order_items
Hibernate: delete from orders
Hibernate: delete from food_items
Hibernate: delete from restaurants
Hibernate: delete from users
Hibernate: select r1_0.id,r1_0.address,r1_0.name,r1_0.owner_id,r1_0.phone,r1_0.status from restaurants r1_0 where r1_0.id=?
Hibernate: insert into restaurants (address,name,owner_id,phone,status) values (?,?,?,?,?)
Hibernate: select last_insert_rowid()
? Global restaurant saved to repository for tests
Hibernate: select r1_0.id,r1_0.address,r1_0.name,r1_0.owner_id,r1_0.phone,r1_0.status from restaurants r1_0 where r1_0.id=?
Hibernate: insert into restaurants (address,name,owner_id,phone,status) values (?,?,?,?,?)
Hibernate: select last_insert_rowid()
? Global restaurant saved successfully - ID: 100000
Hibernate: select r1_0.id,r1_0.address,r1_0.name,r1_0.owner_id,r1_0.phone,r1_0.status from restaurants r1_0 where r1_0.id=?
?? Expected exception for malicious input: NotFoundException
Hibernate: select r1_0.id,r1_0.address,r1_0.name,r1_0.owner_id,r1_0.phone,r1_0.status from restaurants r1_0 where r1_0.id=?
?? Expected exception for malicious input: NotFoundException
Hibernate: select r1_0.id,r1_0.address,r1_0.name,r1_0.owner_id,r1_0.phone,r1_0.status from restaurants r1_0 where r1_0.id=?
?? Expected exception for malicious input: NotFoundException
Hibernate: select r1_0.id,r1_0.address,r1_0.name,r1_0.owner_id,r1_0.phone,r1_0.status from restaurants r1_0 where r1_0.id=?
?? Expected exception for malicious input: NotFoundException
Hibernate: select r1_0.id,r1_0.address,r1_0.name,r1_0.owner_id,r1_0.phone,r1_0.status from restaurants r1_0 where r1_0.id=?
?? Expected exception for malicious input: NotFoundException
Hibernate: delete from notifications
Hibernate: delete from ratings
Hibernate: delete from order_items
Hibernate: delete from orders
Hibernate: delete from food_items
Hibernate: delete from restaurants
Hibernate: delete from users
Hibernate: select r1_0.id,r1_0.address,r1_0.name,r1_0.owner_id,r1_0.phone,r1_0.status from restaurants r1_0 where r1_0.id=?
Hibernate: insert into restaurants (address,name,owner_id,phone,status) values (?,?,?,?,?)
Hibernate: select last_insert_rowid()
? Global restaurant saved to repository for tests
Hibernate: select r1_0.id,r1_0.address,r1_0.name,r1_0.owner_id,r1_0.phone,r1_0.status from restaurants r1_0 where r1_0.id=?
Hibernate: insert into restaurants (address,name,owner_id,phone,status) values (?,?,?,?,?)
Hibernate: select last_insert_rowid()
? Global restaurant saved successfully - ID: 100000
Hibernate: select r1_0.id,r1_0.address,r1_0.name,r1_0.owner_id,r1_0.phone,r1_0.status from restaurants r1_0 where r1_0.id=?
?? Expected exception for: Pizza ? Margherita - NotFoundException
Hibernate: delete from notifications
Hibernate: delete from ratings
Hibernate: delete from order_items
Hibernate: delete from orders
Hibernate: delete from food_items
Hibernate: delete from restaurants
Hibernate: delete from users
Hibernate: select r1_0.id,r1_0.address,r1_0.name,r1_0.owner_id,r1_0.phone,r1_0.status from restaurants r1_0 where r1_0.id=?
Hibernate: insert into restaurants (address,name,owner_id,phone,status) values (?,?,?,?,?)
Hibernate: select last_insert_rowid()
? Global restaurant saved to repository for tests
Hibernate: select r1_0.id,r1_0.address,r1_0.name,r1_0.owner_id,r1_0.phone,r1_0.status from restaurants r1_0 where r1_0.id=?
Hibernate: insert into restaurants (address,name,owner_id,phone,status) values (?,?,?,?,?)
Hibernate: select last_insert_rowid()
? Global restaurant saved successfully - ID: 100000
Hibernate: select r1_0.id,r1_0.address,r1_0.name,r1_0.owner_id,r1_0.phone,r1_0.status from restaurants r1_0 where r1_0.id=?
?? Expected exception for: CafΘ LattΘ ? - NotFoundException
Hibernate: delete from notifications
Hibernate: delete from ratings
Hibernate: delete from order_items
Hibernate: delete from orders
Hibernate: delete from food_items
Hibernate: delete from restaurants
Hibernate: delete from users
Hibernate: select r1_0.id,r1_0.address,r1_0.name,r1_0.owner_id,r1_0.phone,r1_0.status from restaurants r1_0 where r1_0.id=?
Hibernate: insert into restaurants (address,name,owner_id,phone,status) values (?,?,?,?,?)
Hibernate: select last_insert_rowid()
? Global restaurant saved to repository for tests
Hibernate: select r1_0.id,r1_0.address,r1_0.name,r1_0.owner_id,r1_0.phone,r1_0.status from restaurants r1_0 where r1_0.id=?
Hibernate: insert into restaurants (address,name,owner_id,phone,status) values (?,?,?,?,?)
Hibernate: select last_insert_rowid()
? Global restaurant saved successfully - ID: 100000
Hibernate: select r1_0.id,r1_0.address,r1_0.name,r1_0.owner_id,r1_0.phone,r1_0.status from restaurants r1_0 where r1_0.id=?
?? Expected exception for: Spicy ?? Jalape±o - NotFoundException
Hibernate: delete from notifications
Hibernate: delete from ratings
Hibernate: delete from order_items
Hibernate: delete from orders
Hibernate: delete from food_items
Hibernate: delete from restaurants
Hibernate: delete from users
Hibernate: select r1_0.id,r1_0.address,r1_0.name,r1_0.owner_id,r1_0.phone,r1_0.status from restaurants r1_0 where r1_0.id=?
Hibernate: insert into restaurants (address,name,owner_id,phone,status) values (?,?,?,?,?)
Hibernate: select last_insert_rowid()
? Global restaurant saved to repository for tests
Hibernate: select r1_0.id,r1_0.address,r1_0.name,r1_0.owner_id,r1_0.phone,r1_0.status from restaurants r1_0 where r1_0.id=?
Hibernate: insert into restaurants (address,name,owner_id,phone,status) values (?,?,?,?,?)
Hibernate: select last_insert_rowid()
? Global restaurant saved successfully - ID: 100000
Hibernate: select r1_0.id,r1_0.address,r1_0.name,r1_0.owner_id,r1_0.phone,r1_0.status from restaurants r1_0 where r1_0.id=?
?? Expected exception for: CrΦme Br√lΘe ? - NotFoundException
Hibernate: delete from notifications
Hibernate: delete from ratings
Hibernate: delete from order_items
Hibernate: delete from orders
Hibernate: delete from food_items
Hibernate: delete from restaurants
Hibernate: delete from users
Hibernate: select r1_0.id,r1_0.address,r1_0.name,r1_0.owner_id,r1_0.phone,r1_0.status from restaurants r1_0 where r1_0.id=?
Hibernate: insert into restaurants (address,name,owner_id,phone,status) values (?,?,?,?,?)
Hibernate: select last_insert_rowid()
? Global restaurant saved to repository for tests
Hibernate: select r1_0.id,r1_0.address,r1_0.name,r1_0.owner_id,r1_0.phone,r1_0.status from restaurants r1_0 where r1_0.id=?
Hibernate: insert into restaurants (address,name,owner_id,phone,status) values (?,?,?,?,?)
Hibernate: select last_insert_rowid()
? Global restaurant saved successfully - ID: 100000
Hibernate: select r1_0.id,r1_0.address,r1_0.name,r1_0.owner_id,r1_0.phone,r1_0.status from restaurants r1_0 where r1_0.id=?
?? Expected exception for: Pi±a Colada ? - NotFoundException
Hibernate: delete from notifications
Hibernate: delete from ratings
Hibernate: delete from order_items
Hibernate: delete from orders
Hibernate: delete from food_items
Hibernate: delete from restaurants
Hibernate: delete from users
Hibernate: select r1_0.id,r1_0.address,r1_0.name,r1_0.owner_id,r1_0.phone,r1_0.status from restaurants r1_0 where r1_0.id=?
Hibernate: insert into restaurants (address,name,owner_id,phone,status) values (?,?,?,?,?)
Hibernate: select last_insert_rowid()
? Global restaurant saved to repository for tests
Hibernate: select r1_0.id,r1_0.address,r1_0.name,r1_0.owner_id,r1_0.phone,r1_0.status from restaurants r1_0 where r1_0.id=?
Hibernate: insert into restaurants (address,name,owner_id,phone,status) values (?,?,?,?,?)
Hibernate: select last_insert_rowid()
? Global restaurant saved successfully - ID: 100000
Hibernate: select r1_0.id,r1_0.address,r1_0.name,r1_0.owner_id,r1_0.phone,r1_0.status from restaurants r1_0 where r1_0.id=?
?? Expected exception for: Navroz ???? - NotFoundException
Hibernate: delete from notifications
Hibernate: delete from ratings
Hibernate: delete from order_items
Hibernate: delete from orders
Hibernate: delete from food_items
Hibernate: delete from restaurants
Hibernate: delete from users
Hibernate: select r1_0.id,r1_0.address,r1_0.name,r1_0.owner_id,r1_0.phone,r1_0.status from restaurants r1_0 where r1_0.id=?
Hibernate: insert into restaurants (address,name,owner_id,phone,status) values (?,?,?,?,?)
Hibernate: select last_insert_rowid()
? Global restaurant saved to repository for tests
Hibernate: select r1_0.id,r1_0.address,r1_0.name,r1_0.owner_id,r1_0.phone,r1_0.status from restaurants r1_0 where r1_0.id=?
Hibernate: insert into restaurants (address,name,owner_id,phone,status) values (?,?,?,?,?)
Hibernate: select last_insert_rowid()
? Global restaurant saved successfully - ID: 100000
Hibernate: select r1_0.id,r1_0.address,r1_0.name,r1_0.owner_id,r1_0.phone,r1_0.status from restaurants r1_0 where r1_0.id=?
?? Expected exception for: ???? - NotFoundException
Hibernate: delete from notifications
Hibernate: delete from ratings
Hibernate: delete from order_items
Hibernate: delete from orders
Hibernate: delete from food_items
Hibernate: delete from restaurants
Hibernate: delete from users
Hibernate: select r1_0.id,r1_0.address,r1_0.name,r1_0.owner_id,r1_0.phone,r1_0.status from restaurants r1_0 where r1_0.id=?
Hibernate: insert into restaurants (address,name,owner_id,phone,status) values (?,?,?,?,?)
Hibernate: select last_insert_rowid()
? Global restaurant saved to repository for tests
Hibernate: select r1_0.id,r1_0.address,r1_0.name,r1_0.owner_id,r1_0.phone,r1_0.status from restaurants r1_0 where r1_0.id=?
Hibernate: insert into restaurants (address,name,owner_id,phone,status) values (?,?,?,?,?)
Hibernate: select last_insert_rowid()
? Global restaurant saved successfully - ID: 100000
Hibernate: select r1_0.id,r1_0.address,r1_0.name,r1_0.owner_id,r1_0.phone,r1_0.status from restaurants r1_0 where r1_0.id=?
?? Expected exception for: ???? ? - NotFoundException
[INFO] Tests run: 17, Failures: 0, Errors: 0, Skipped: 0, Time elapsed: 0.337 s - in com.myapp.item.ItemServiceEdgeCaseTest$SpecialCharactersTests
[INFO] Running com.myapp.item.ItemServiceEdgeCaseTest$ExtremeValuesTests
Hibernate: delete from notifications
Hibernate: delete from ratings
Hibernate: delete from order_items
Hibernate: delete from orders
Hibernate: delete from food_items
Hibernate: delete from restaurants
Hibernate: delete from users
Hibernate: select r1_0.id,r1_0.address,r1_0.name,r1_0.owner_id,r1_0.phone,r1_0.status from restaurants r1_0 where r1_0.id=?
Hibernate: insert into restaurants (address,name,owner_id,phone,status) values (?,?,?,?,?)
Hibernate: select last_insert_rowid()
? Global restaurant saved to repository for tests
Hibernate: select r1_0.id,r1_0.address,r1_0.name,r1_0.owner_id,r1_0.phone,r1_0.status from restaurants r1_0 where r1_0.id=?
Hibernate: insert into restaurants (address,name,owner_id,phone,status) values (?,?,?,?,?)
Hibernate: select last_insert_rowid()
? Global restaurant saved successfully - ID: 100000
Hibernate: select r1_0.id,r1_0.address,r1_0.name,r1_0.owner_id,r1_0.phone,r1_0.status from restaurants r1_0 where r1_0.id=?
?? Expected exception for max length: NotFoundException
Hibernate: delete from notifications
Hibernate: delete from ratings
Hibernate: delete from order_items
Hibernate: delete from orders
Hibernate: delete from food_items
Hibernate: delete from restaurants
Hibernate: delete from users
Hibernate: select r1_0.id,r1_0.address,r1_0.name,r1_0.owner_id,r1_0.phone,r1_0.status from restaurants r1_0 where r1_0.id=?
Hibernate: insert into restaurants (address,name,owner_id,phone,status) values (?,?,?,?,?)
Hibernate: select last_insert_rowid()
? Global restaurant saved to repository for tests
Hibernate: select r1_0.id,r1_0.address,r1_0.name,r1_0.owner_id,r1_0.phone,r1_0.status from restaurants r1_0 where r1_0.id=?
Hibernate: insert into restaurants (address,name,owner_id,phone,status) values (?,?,?,?,?)
Hibernate: select last_insert_rowid()
? Global restaurant saved successfully - ID: 100000
Hibernate: select r1_0.id,r1_0.address,r1_0.name,r1_0.owner_id,r1_0.phone,r1_0.status from restaurants r1_0 where r1_0.id=?
?? Expected exception for price boundary: NotFoundException
Hibernate: delete from notifications
Hibernate: delete from ratings
Hibernate: delete from order_items
Hibernate: delete from orders
Hibernate: delete from food_items
Hibernate: delete from restaurants
Hibernate: delete from users
Hibernate: select r1_0.id,r1_0.address,r1_0.name,r1_0.owner_id,r1_0.phone,r1_0.status from restaurants r1_0 where r1_0.id=?
Hibernate: insert into restaurants (address,name,owner_id,phone,status) values (?,?,?,?,?)
Hibernate: select last_insert_rowid()
? Global restaurant saved to repository for tests
Hibernate: select r1_0.id,r1_0.address,r1_0.name,r1_0.owner_id,r1_0.phone,r1_0.status from restaurants r1_0 where r1_0.id=?
Hibernate: insert into restaurants (address,name,owner_id,phone,status) values (?,?,?,?,?)
Hibernate: select last_insert_rowid()
? Global restaurant saved successfully - ID: 100000
Hibernate: select r1_0.id,r1_0.address,r1_0.name,r1_0.owner_id,r1_0.phone,r1_0.status from restaurants r1_0 where r1_0.id=?
?? Expected exception for price boundary: NotFoundException
Hibernate: delete from notifications
Hibernate: delete from ratings
Hibernate: delete from order_items
Hibernate: delete from orders
Hibernate: delete from food_items
Hibernate: delete from restaurants
Hibernate: delete from users
Hibernate: select r1_0.id,r1_0.address,r1_0.name,r1_0.owner_id,r1_0.phone,r1_0.status from restaurants r1_0 where r1_0.id=?
Hibernate: insert into restaurants (address,name,owner_id,phone,status) values (?,?,?,?,?)
Hibernate: select last_insert_rowid()
? Global restaurant saved to repository for tests
Hibernate: select r1_0.id,r1_0.address,r1_0.name,r1_0.owner_id,r1_0.phone,r1_0.status from restaurants r1_0 where r1_0.id=?
Hibernate: insert into restaurants (address,name,owner_id,phone,status) values (?,?,?,?,?)
Hibernate: select last_insert_rowid()
? Global restaurant saved successfully - ID: 100000
Hibernate: select r1_0.id,r1_0.address,r1_0.name,r1_0.owner_id,r1_0.phone,r1_0.status from restaurants r1_0 where r1_0.id=?
?? Expected exception for price boundary: NotFoundException
Hibernate: delete from notifications
Hibernate: delete from ratings
Hibernate: delete from order_items
Hibernate: delete from orders
Hibernate: delete from food_items
Hibernate: delete from restaurants
Hibernate: delete from users
Hibernate: select r1_0.id,r1_0.address,r1_0.name,r1_0.owner_id,r1_0.phone,r1_0.status from restaurants r1_0 where r1_0.id=?
Hibernate: insert into restaurants (address,name,owner_id,phone,status) values (?,?,?,?,?)
Hibernate: select last_insert_rowid()
? Global restaurant saved to repository for tests
Hibernate: select r1_0.id,r1_0.address,r1_0.name,r1_0.owner_id,r1_0.phone,r1_0.status from restaurants r1_0 where r1_0.id=?
Hibernate: insert into restaurants (address,name,owner_id,phone,status) values (?,?,?,?,?)
Hibernate: select last_insert_rowid()
? Global restaurant saved successfully - ID: 100000
Hibernate: select r1_0.id,r1_0.address,r1_0.name,r1_0.owner_id,r1_0.phone,r1_0.status from restaurants r1_0 where r1_0.id=?
?? Expected exception for price boundary: NotFoundException
Hibernate: delete from notifications
Hibernate: delete from ratings
Hibernate: delete from order_items
Hibernate: delete from orders
Hibernate: delete from food_items
Hibernate: delete from restaurants
Hibernate: delete from users
Hibernate: select r1_0.id,r1_0.address,r1_0.name,r1_0.owner_id,r1_0.phone,r1_0.status from restaurants r1_0 where r1_0.id=?
Hibernate: insert into restaurants (address,name,owner_id,phone,status) values (?,?,?,?,?)
Hibernate: select last_insert_rowid()
? Global restaurant saved to repository for tests
Hibernate: select r1_0.id,r1_0.address,r1_0.name,r1_0.owner_id,r1_0.phone,r1_0.status from restaurants r1_0 where r1_0.id=?
Hibernate: insert into restaurants (address,name,owner_id,phone,status) values (?,?,?,?,?)
Hibernate: select last_insert_rowid()
? Global restaurant saved successfully - ID: 100000
Hibernate: select r1_0.id,r1_0.address,r1_0.name,r1_0.owner_id,r1_0.phone,r1_0.status from restaurants r1_0 where r1_0.id=?
?? Expected exception for price boundary: NotFoundException
Hibernate: delete from notifications
Hibernate: delete from ratings
Hibernate: delete from order_items
Hibernate: delete from orders
Hibernate: delete from food_items
Hibernate: delete from restaurants
Hibernate: delete from users
Hibernate: select r1_0.id,r1_0.address,r1_0.name,r1_0.owner_id,r1_0.phone,r1_0.status from restaurants r1_0 where r1_0.id=?
Hibernate: insert into restaurants (address,name,owner_id,phone,status) values (?,?,?,?,?)
Hibernate: select last_insert_rowid()
? Global restaurant saved to repository for tests
Hibernate: select r1_0.id,r1_0.address,r1_0.name,r1_0.owner_id,r1_0.phone,r1_0.status from restaurants r1_0 where r1_0.id=?
Hibernate: insert into restaurants (address,name,owner_id,phone,status) values (?,?,?,?,?)
Hibernate: select last_insert_rowid()
? Global restaurant saved successfully - ID: 100000
Hibernate: select r1_0.id,r1_0.address,r1_0.name,r1_0.owner_id,r1_0.phone,r1_0.status from restaurants r1_0 where r1_0.id=?
?? Cannot test quantity for 0 due to: NotFoundException
Hibernate: delete from notifications
Hibernate: delete from ratings
Hibernate: delete from order_items
Hibernate: delete from orders
Hibernate: delete from food_items
Hibernate: delete from restaurants
Hibernate: delete from users
Hibernate: select r1_0.id,r1_0.address,r1_0.name,r1_0.owner_id,r1_0.phone,r1_0.status from restaurants r1_0 where r1_0.id=?
Hibernate: insert into restaurants (address,name,owner_id,phone,status) values (?,?,?,?,?)
Hibernate: select last_insert_rowid()
? Global restaurant saved to repository for tests
Hibernate: select r1_0.id,r1_0.address,r1_0.name,r1_0.owner_id,r1_0.phone,r1_0.status from restaurants r1_0 where r1_0.id=?
Hibernate: insert into restaurants (address,name,owner_id,phone,status) values (?,?,?,?,?)
Hibernate: select last_insert_rowid()
? Global restaurant saved successfully - ID: 100000
Hibernate: select r1_0.id,r1_0.address,r1_0.name,r1_0.owner_id,r1_0.phone,r1_0.status from restaurants r1_0 where r1_0.id=?
?? Cannot test quantity for 1 due to: NotFoundException
Hibernate: delete from notifications
Hibernate: delete from ratings
Hibernate: delete from order_items
Hibernate: delete from orders
Hibernate: delete from food_items
Hibernate: delete from restaurants
Hibernate: delete from users
Hibernate: select r1_0.id,r1_0.address,r1_0.name,r1_0.owner_id,r1_0.phone,r1_0.status from restaurants r1_0 where r1_0.id=?
Hibernate: insert into restaurants (address,name,owner_id,phone,status) values (?,?,?,?,?)
Hibernate: select last_insert_rowid()
? Global restaurant saved to repository for tests
Hibernate: select r1_0.id,r1_0.address,r1_0.name,r1_0.owner_id,r1_0.phone,r1_0.status from restaurants r1_0 where r1_0.id=?
Hibernate: insert into restaurants (address,name,owner_id,phone,status) values (?,?,?,?,?)
Hibernate: select last_insert_rowid()
? Global restaurant saved successfully - ID: 100000
Hibernate: select r1_0.id,r1_0.address,r1_0.name,r1_0.owner_id,r1_0.phone,r1_0.status from restaurants r1_0 where r1_0.id=?
?? Cannot test quantity for 100 due to: NotFoundException
Hibernate: delete from notifications
Hibernate: delete from ratings
Hibernate: delete from order_items
Hibernate: delete from orders
Hibernate: delete from food_items
Hibernate: delete from restaurants
Hibernate: delete from users
Hibernate: select r1_0.id,r1_0.address,r1_0.name,r1_0.owner_id,r1_0.phone,r1_0.status from restaurants r1_0 where r1_0.id=?
Hibernate: insert into restaurants (address,name,owner_id,phone,status) values (?,?,?,?,?)
Hibernate: select last_insert_rowid()
? Global restaurant saved to repository for tests
Hibernate: select r1_0.id,r1_0.address,r1_0.name,r1_0.owner_id,r1_0.phone,r1_0.status from restaurants r1_0 where r1_0.id=?
Hibernate: insert into restaurants (address,name,owner_id,phone,status) values (?,?,?,?,?)
Hibernate: select last_insert_rowid()
? Global restaurant saved successfully - ID: 100000
Hibernate: select r1_0.id,r1_0.address,r1_0.name,r1_0.owner_id,r1_0.phone,r1_0.status from restaurants r1_0 where r1_0.id=?
?? Cannot test quantity for 1000 due to: NotFoundException
Hibernate: delete from notifications
Hibernate: delete from ratings
Hibernate: delete from order_items
Hibernate: delete from orders
Hibernate: delete from food_items
Hibernate: delete from restaurants
Hibernate: delete from users
Hibernate: select r1_0.id,r1_0.address,r1_0.name,r1_0.owner_id,r1_0.phone,r1_0.status from restaurants r1_0 where r1_0.id=?
Hibernate: insert into restaurants (address,name,owner_id,phone,status) values (?,?,?,?,?)
Hibernate: select last_insert_rowid()
? Global restaurant saved to repository for tests
Hibernate: select r1_0.id,r1_0.address,r1_0.name,r1_0.owner_id,r1_0.phone,r1_0.status from restaurants r1_0 where r1_0.id=?
Hibernate: insert into restaurants (address,name,owner_id,phone,status) values (?,?,?,?,?)
Hibernate: select last_insert_rowid()
? Global restaurant saved successfully - ID: 100000
Hibernate: select r1_0.id,r1_0.address,r1_0.name,r1_0.owner_id,r1_0.phone,r1_0.status from restaurants r1_0 where r1_0.id=?
?? Cannot test quantity for 9999 due to: NotFoundException
Hibernate: delete from notifications
Hibernate: delete from ratings
Hibernate: delete from order_items
Hibernate: delete from orders
Hibernate: delete from food_items
Hibernate: delete from restaurants
Hibernate: delete from users
Hibernate: select r1_0.id,r1_0.address,r1_0.name,r1_0.owner_id,r1_0.phone,r1_0.status from restaurants r1_0 where r1_0.id=?
Hibernate: insert into restaurants (address,name,owner_id,phone,status) values (?,?,?,?,?)
Hibernate: select last_insert_rowid()
? Global restaurant saved to repository for tests
Hibernate: select r1_0.id,r1_0.address,r1_0.name,r1_0.owner_id,r1_0.phone,r1_0.status from restaurants r1_0 where r1_0.id=?
Hibernate: insert into restaurants (address,name,owner_id,phone,status) values (?,?,?,?,?)
Hibernate: select last_insert_rowid()
? Global restaurant saved successfully - ID: 100000
Hibernate: select r1_0.id,r1_0.address,r1_0.name,r1_0.owner_id,r1_0.phone,r1_0.status from restaurants r1_0 where r1_0.id=?
?? Cannot test quantity for 10000 due to: NotFoundException
Hibernate: delete from notifications
Hibernate: delete from ratings
Hibernate: delete from order_items
Hibernate: delete from orders
Hibernate: delete from food_items
Hibernate: delete from restaurants
Hibernate: delete from users
Hibernate: select r1_0.id,r1_0.address,r1_0.name,r1_0.owner_id,r1_0.phone,r1_0.status from restaurants r1_0 where r1_0.id=?
Hibernate: insert into restaurants (address,name,owner_id,phone,status) values (?,?,?,?,?)
Hibernate: select last_insert_rowid()
? Global restaurant saved to repository for tests
Hibernate: select r1_0.id,r1_0.address,r1_0.name,r1_0.owner_id,r1_0.phone,r1_0.status from restaurants r1_0 where r1_0.id=?
Hibernate: insert into restaurants (address,name,owner_id,phone,status) values (?,?,?,?,?)
Hibernate: select last_insert_rowid()
? Global restaurant saved successfully - ID: 100000
Hibernate: select r1_0.id,r1_0.address,r1_0.name,r1_0.owner_id,r1_0.phone,r1_0.status from restaurants r1_0 where r1_0.id=?
?? Cannot test quantity for 99999 due to: NotFoundException
Hibernate: delete from notifications
Hibernate: delete from ratings
Hibernate: delete from order_items
Hibernate: delete from orders
Hibernate: delete from food_items
Hibernate: delete from restaurants
Hibernate: delete from users
Hibernate: select r1_0.id,r1_0.address,r1_0.name,r1_0.owner_id,r1_0.phone,r1_0.status from restaurants r1_0 where r1_0.id=?
Hibernate: insert into restaurants (address,name,owner_id,phone,status) values (?,?,?,?,?)
Hibernate: select last_insert_rowid()
? Global restaurant saved to repository for tests
Hibernate: select r1_0.id,r1_0.address,r1_0.name,r1_0.owner_id,r1_0.phone,r1_0.status from restaurants r1_0 where r1_0.id=?
Hibernate: insert into restaurants (address,name,owner_id,phone,status) values (?,?,?,?,?)
Hibernate: select last_insert_rowid()
? Global restaurant saved successfully - ID: 100000
Hibernate: select r1_0.id,r1_0.address,r1_0.name,r1_0.owner_id,r1_0.phone,r1_0.status from restaurants r1_0 where r1_0.id=?
?? Cannot test name length validation: NotFoundException
Hibernate: select r1_0.id,r1_0.address,r1_0.name,r1_0.owner_id,r1_0.phone,r1_0.status from restaurants r1_0 where r1_0.id=?
?? Cannot test description length validation: NotFoundException
Hibernate: select r1_0.id,r1_0.address,r1_0.name,r1_0.owner_id,r1_0.phone,r1_0.status from restaurants r1_0 where r1_0.id=?
?? Cannot test category length validation: NotFoundException
Hibernate: delete from notifications
Hibernate: delete from ratings
Hibernate: delete from order_items
Hibernate: delete from orders
Hibernate: delete from food_items
Hibernate: delete from restaurants
Hibernate: delete from users
Hibernate: select r1_0.id,r1_0.address,r1_0.name,r1_0.owner_id,r1_0.phone,r1_0.status from restaurants r1_0 where r1_0.id=?
Hibernate: insert into restaurants (address,name,owner_id,phone,status) values (?,?,?,?,?)
Hibernate: select last_insert_rowid()
? Global restaurant saved to repository for tests
Hibernate: select r1_0.id,r1_0.address,r1_0.name,r1_0.owner_id,r1_0.phone,r1_0.status from restaurants r1_0 where r1_0.id=?
Hibernate: insert into restaurants (address,name,owner_id,phone,status) values (?,?,?,?,?)
Hibernate: select last_insert_rowid()
? Global restaurant saved successfully - ID: 100000
Hibernate: select r1_0.id,r1_0.address,r1_0.name,r1_0.owner_id,r1_0.phone,r1_0.status from restaurants r1_0 where r1_0.id=?
?? Cannot test price validation due to: NotFoundException
Hibernate: delete from notifications
Hibernate: delete from ratings
Hibernate: delete from order_items
Hibernate: delete from orders
Hibernate: delete from food_items
Hibernate: delete from restaurants
Hibernate: delete from users
Hibernate: select r1_0.id,r1_0.address,r1_0.name,r1_0.owner_id,r1_0.phone,r1_0.status from restaurants r1_0 where r1_0.id=?
Hibernate: insert into restaurants (address,name,owner_id,phone,status) values (?,?,?,?,?)
Hibernate: select last_insert_rowid()
? Global restaurant saved to repository for tests
Hibernate: select r1_0.id,r1_0.address,r1_0.name,r1_0.owner_id,r1_0.phone,r1_0.status from restaurants r1_0 where r1_0.id=?
Hibernate: insert into restaurants (address,name,owner_id,phone,status) values (?,?,?,?,?)
Hibernate: select last_insert_rowid()
? Global restaurant saved successfully - ID: 100000
Hibernate: select r1_0.id,r1_0.address,r1_0.name,r1_0.owner_id,r1_0.phone,r1_0.status from restaurants r1_0 where r1_0.id=?
?? Cannot test price validation due to: NotFoundException
Hibernate: delete from notifications
Hibernate: delete from ratings
Hibernate: delete from order_items
Hibernate: delete from orders
Hibernate: delete from food_items
Hibernate: delete from restaurants
Hibernate: delete from users
Hibernate: select r1_0.id,r1_0.address,r1_0.name,r1_0.owner_id,r1_0.phone,r1_0.status from restaurants r1_0 where r1_0.id=?
Hibernate: insert into restaurants (address,name,owner_id,phone,status) values (?,?,?,?,?)
Hibernate: select last_insert_rowid()
? Global restaurant saved to repository for tests
Hibernate: select r1_0.id,r1_0.address,r1_0.name,r1_0.owner_id,r1_0.phone,r1_0.status from restaurants r1_0 where r1_0.id=?
Hibernate: insert into restaurants (address,name,owner_id,phone,status) values (?,?,?,?,?)
Hibernate: select last_insert_rowid()
? Global restaurant saved successfully - ID: 100000
Hibernate: select r1_0.id,r1_0.address,r1_0.name,r1_0.owner_id,r1_0.phone,r1_0.status from restaurants r1_0 where r1_0.id=?
?? Cannot test price validation due to: NotFoundException
Hibernate: delete from notifications
Hibernate: delete from ratings
Hibernate: delete from order_items
Hibernate: delete from orders
Hibernate: delete from food_items
Hibernate: delete from restaurants
Hibernate: delete from users
Hibernate: select r1_0.id,r1_0.address,r1_0.name,r1_0.owner_id,r1_0.phone,r1_0.status from restaurants r1_0 where r1_0.id=?
Hibernate: insert into restaurants (address,name,owner_id,phone,status) values (?,?,?,?,?)
Hibernate: select last_insert_rowid()
? Global restaurant saved to repository for tests
Hibernate: select r1_0.id,r1_0.address,r1_0.name,r1_0.owner_id,r1_0.phone,r1_0.status from restaurants r1_0 where r1_0.id=?
Hibernate: insert into restaurants (address,name,owner_id,phone,status) values (?,?,?,?,?)
Hibernate: select last_insert_rowid()
? Global restaurant saved successfully - ID: 100000
Hibernate: select r1_0.id,r1_0.address,r1_0.name,r1_0.owner_id,r1_0.phone,r1_0.status from restaurants r1_0 where r1_0.id=?
?? Cannot test price validation due to: NotFoundException
Hibernate: delete from notifications
Hibernate: delete from ratings
Hibernate: delete from order_items
Hibernate: delete from orders
Hibernate: delete from food_items
Hibernate: delete from restaurants
Hibernate: delete from users
Hibernate: select r1_0.id,r1_0.address,r1_0.name,r1_0.owner_id,r1_0.phone,r1_0.status from restaurants r1_0 where r1_0.id=?
Hibernate: insert into restaurants (address,name,owner_id,phone,status) values (?,?,?,?,?)
Hibernate: select last_insert_rowid()
? Global restaurant saved to repository for tests
Hibernate: select r1_0.id,r1_0.address,r1_0.name,r1_0.owner_id,r1_0.phone,r1_0.status from restaurants r1_0 where r1_0.id=?
Hibernate: insert into restaurants (address,name,owner_id,phone,status) values (?,?,?,?,?)
Hibernate: select last_insert_rowid()
? Global restaurant saved successfully - ID: 100000
Hibernate: select r1_0.id,r1_0.address,r1_0.name,r1_0.owner_id,r1_0.phone,r1_0.status from restaurants r1_0 where r1_0.id=?
?? Cannot test price validation due to: NotFoundException
Hibernate: delete from notifications
Hibernate: delete from ratings
Hibernate: delete from order_items
Hibernate: delete from orders
Hibernate: delete from food_items
Hibernate: delete from restaurants
Hibernate: delete from users
Hibernate: select r1_0.id,r1_0.address,r1_0.name,r1_0.owner_id,r1_0.phone,r1_0.status from restaurants r1_0 where r1_0.id=?
Hibernate: insert into restaurants (address,name,owner_id,phone,status) values (?,?,?,?,?)
Hibernate: select last_insert_rowid()
? Global restaurant saved to repository for tests
Hibernate: select r1_0.id,r1_0.address,r1_0.name,r1_0.owner_id,r1_0.phone,r1_0.status from restaurants r1_0 where r1_0.id=?
Hibernate: insert into restaurants (address,name,owner_id,phone,status) values (?,?,?,?,?)
Hibernate: select last_insert_rowid()
? Global restaurant saved successfully - ID: 100000
Hibernate: select r1_0.id,r1_0.address,r1_0.name,r1_0.owner_id,r1_0.phone,r1_0.status from restaurants r1_0 where r1_0.id=?
?? Cannot test price validation due to: NotFoundException
Hibernate: delete from notifications
Hibernate: delete from ratings
Hibernate: delete from order_items
Hibernate: delete from orders
Hibernate: delete from food_items
Hibernate: delete from restaurants
Hibernate: delete from users
Hibernate: select r1_0.id,r1_0.address,r1_0.name,r1_0.owner_id,r1_0.phone,r1_0.status from restaurants r1_0 where r1_0.id=?
Hibernate: insert into restaurants (address,name,owner_id,phone,status) values (?,?,?,?,?)
Hibernate: select last_insert_rowid()
? Global restaurant saved to repository for tests
Hibernate: select r1_0.id,r1_0.address,r1_0.name,r1_0.owner_id,r1_0.phone,r1_0.status from restaurants r1_0 where r1_0.id=?
Hibernate: insert into restaurants (address,name,owner_id,phone,status) values (?,?,?,?,?)
Hibernate: select last_insert_rowid()
? Global restaurant saved successfully - ID: 100000
Hibernate: select r1_0.id,r1_0.address,r1_0.name,r1_0.owner_id,r1_0.phone,r1_0.status from restaurants r1_0 where r1_0.id=?
?? Cannot test price validation due to: NotFoundException
[INFO] Tests run: 21, Failures: 0, Errors: 0, Skipped: 0, Time elapsed: 0.395 s - in com.myapp.item.ItemServiceEdgeCaseTest$ExtremeValuesTests
Hibernate: delete from notifications
Hibernate: delete from ratings
Hibernate: delete from order_items
Hibernate: delete from orders
Hibernate: delete from food_items
Hibernate: delete from restaurants
Hibernate: delete from users
[INFO] Tests run: 0, Failures: 0, Errors: 0, Skipped: 0, Time elapsed: 1.321 s - in com.myapp.item.ItemServiceEdgeCaseTest
[INFO] Running com.myapp.item.ItemServiceTest
[INFO] Running com.myapp.item.ItemServiceTest$DataConsistencyTests
Hibernate: delete from order_items
Hibernate: delete from orders
Hibernate: delete from food_items
Hibernate: delete from restaurants
Hibernate: insert into restaurants (address,name,owner_id,phone,status) values (?,?,?,?,?)
Hibernate: select last_insert_rowid()
Hibernate: insert into restaurants (address,name,owner_id,phone,status) values (?,?,?,?,?)
Hibernate: select last_insert_rowid()
Hibernate: insert into food_items (available,category,description,image_url,keywords,name,price,quantity,restaurant_id) values (?,?,?,?,?,?,?,?,?)
Hibernate: select last_insert_rowid()
Hibernate: insert into food_items (available,category,description,image_url,keywords,name,price,quantity,restaurant_id) values (?,?,?,?,?,?,?,?,?)
Hibernate: select last_insert_rowid()
Hibernate: insert into food_items (available,category,description,image_url,keywords,name,price,quantity,restaurant_id) values (?,?,?,?,?,?,?,?,?)
Hibernate: select last_insert_rowid()
Hibernate: select fi1_0.id,fi1_0.available,fi1_0.category,fi1_0.description,fi1_0.image_url,fi1_0.keywords,fi1_0.name,fi1_0.price,fi1_0.quantity,fi1_0.restaurant_id from food_items fi1_0 where (lower(fi1_0.name) like ? or lower(fi1_0.keywords) like ?) and fi1_0.available=1
Hibernate: select fi1_0.id,fi1_0.available,fi1_0.category,fi1_0.description,fi1_0.image_url,fi1_0.keywords,fi1_0.name,fi1_0.price,fi1_0.quantity,fi1_0.restaurant_id from food_items fi1_0 where (lower(fi1_0.name) like ? or lower(fi1_0.keywords) like ?) and fi1_0.available=1
Hibernate: delete from order_items
Hibernate: delete from orders
Hibernate: delete from food_items
Hibernate: delete from restaurants
Hibernate: insert into restaurants (address,name,owner_id,phone,status) values (?,?,?,?,?)
Hibernate: select last_insert_rowid()
Hibernate: insert into restaurants (address,name,owner_id,phone,status) values (?,?,?,?,?)
Hibernate: select last_insert_rowid()
Hibernate: select r1_0.id,r1_0.address,r1_0.name,r1_0.owner_id,r1_0.phone,r1_0.status from restaurants r1_0 where r1_0.id=?
Hibernate: insert into food_items (available,category,description,image_url,keywords,name,price,quantity,restaurant_id) values (?,?,?,?,?,?,?,?,?)
Hibernate: select last_insert_rowid()
Hibernate: select fi1_0.id,fi1_0.available,fi1_0.category,fi1_0.description,fi1_0.image_url,fi1_0.keywords,fi1_0.name,fi1_0.price,fi1_0.quantity,fi1_0.restaurant_id from food_items fi1_0 where fi1_0.id=?
Hibernate: select fi1_0.id,fi1_0.available,fi1_0.category,fi1_0.description,fi1_0.image_url,fi1_0.keywords,fi1_0.name,fi1_0.price,fi1_0.quantity,fi1_0.restaurant_id from food_items fi1_0 where fi1_0.id=?
Hibernate: update food_items set available=?,category=?,description=?,image_url=?,keywords=?,name=?,price=?,quantity=?,restaurant_id=? where id=?
Hibernate: select r1_0.id,r1_0.address,r1_0.name,r1_0.owner_id,r1_0.phone,r1_0.status from restaurants r1_0 where r1_0.id=?
Hibernate: select fi1_0.id,fi1_0.available,fi1_0.category,fi1_0.description,fi1_0.image_url,fi1_0.keywords,fi1_0.name,fi1_0.price,fi1_0.quantity,fi1_0.restaurant_id from food_items fi1_0 where fi1_0.restaurant_id=?
Hibernate: select r1_0.id,r1_0.address,r1_0.name,r1_0.owner_id,r1_0.phone,r1_0.status from restaurants r1_0 where r1_0.id=?
Hibernate: select fi1_0.id,fi1_0.available,fi1_0.category,fi1_0.description,fi1_0.image_url,fi1_0.keywords,fi1_0.name,fi1_0.price,fi1_0.quantity,fi1_0.restaurant_id from food_items fi1_0 where fi1_0.restaurant_id=?
Hibernate: delete from order_items
Hibernate: delete from orders
Hibernate: delete from food_items
Hibernate: delete from restaurants
Hibernate: insert into restaurants (address,name,owner_id,phone,status) values (?,?,?,?,?)
Hibernate: select last_insert_rowid()
Hibernate: insert into food_items (available,category,description,image_url,keywords,name,price,quantity,restaurant_id) values (?,?,?,?,?,?,?,?,?)
Hibernate: select last_insert_rowid()
Hibernate: select fi1_0.id,fi1_0.available,fi1_0.category,fi1_0.description,fi1_0.image_url,fi1_0.keywords,fi1_0.name,fi1_0.price,fi1_0.quantity,fi1_0.restaurant_id from food_items fi1_0 where fi1_0.id=?
Hibernate: update food_items set available=?,category=?,description=?,image_url=?,keywords=?,name=?,price=?,quantity=?,restaurant_id=? where id=?
Hibernate: insert into food_items (available,category,description,image_url,keywords,name,price,quantity,restaurant_id) values (?,?,?,?,?,?,?,?,?)
Hibernate: select last_insert_rowid()
Hibernate: select fi1_0.id,fi1_0.available,fi1_0.category,fi1_0.description,fi1_0.image_url,fi1_0.keywords,fi1_0.name,fi1_0.price,fi1_0.quantity,fi1_0.restaurant_id from food_items fi1_0 where fi1_0.id=?
Hibernate: update food_items set available=?,category=?,description=?,image_url=?,keywords=?,name=?,price=?,quantity=?,restaurant_id=? where id=?
Hibernate: insert into food_items (available,category,description,image_url,keywords,name,price,quantity,restaurant_id) values (?,?,?,?,?,?,?,?,?)
Hibernate: select last_insert_rowid()
Hibernate: select fi1_0.id,fi1_0.available,fi1_0.category,fi1_0.description,fi1_0.image_url,fi1_0.keywords,fi1_0.name,fi1_0.price,fi1_0.quantity,fi1_0.restaurant_id from food_items fi1_0 where fi1_0.id=?
Hibernate: update food_items set available=?,category=?,description=?,image_url=?,keywords=?,name=?,price=?,quantity=?,restaurant_id=? where id=?
Hibernate: insert into food_items (available,category,description,image_url,keywords,name,price,quantity,restaurant_id) values (?,?,?,?,?,?,?,?,?)
Hibernate: select last_insert_rowid()
Hibernate: select fi1_0.id,fi1_0.available,fi1_0.category,fi1_0.description,fi1_0.image_url,fi1_0.keywords,fi1_0.name,fi1_0.price,fi1_0.quantity,fi1_0.restaurant_id from food_items fi1_0 where fi1_0.id=?
Hibernate: update food_items set available=?,category=?,description=?,image_url=?,keywords=?,name=?,price=?,quantity=?,restaurant_id=? where id=?
Hibernate: insert into food_items (available,category,description,image_url,keywords,name,price,quantity,restaurant_id) values (?,?,?,?,?,?,?,?,?)
Hibernate: select last_insert_rowid()
Hibernate: select fi1_0.id,fi1_0.available,fi1_0.category,fi1_0.description,fi1_0.image_url,fi1_0.keywords,fi1_0.name,fi1_0.price,fi1_0.quantity,fi1_0.restaurant_id from food_items fi1_0 where fi1_0.id=?
Hibernate: update food_items set available=?,category=?,description=?,image_url=?,keywords=?,name=?,price=?,quantity=?,restaurant_id=? where id=?
Hibernate: select r1_0.id,r1_0.address,r1_0.name,r1_0.owner_id,r1_0.phone,r1_0.status from restaurants r1_0 where r1_0.id=?
Hibernate: select fi1_0.id,fi1_0.available,fi1_0.category,fi1_0.description,fi1_0.image_url,fi1_0.keywords,fi1_0.name,fi1_0.price,fi1_0.quantity,fi1_0.restaurant_id from food_items fi1_0 where fi1_0.restaurant_id=?
[INFO] Tests run: 3, Failures: 0, Errors: 0, Skipped: 0, Time elapsed: 0.106 s - in com.myapp.item.ItemServiceTest$DataConsistencyTests
[INFO] Running com.myapp.item.ItemServiceTest$BusinessLogicTests
Hibernate: delete from order_items
Hibernate: delete from orders
Hibernate: delete from food_items
Hibernate: delete from restaurants
Hibernate: insert into restaurants (address,name,owner_id,phone,status) values (?,?,?,?,?)
Hibernate: select last_insert_rowid()
Hibernate: select r1_0.id,r1_0.address,r1_0.name,r1_0.owner_id,r1_0.phone,r1_0.status from restaurants r1_0 where r1_0.id=?
Hibernate: select fi1_0.id,fi1_0.available,fi1_0.category,fi1_0.description,fi1_0.image_url,fi1_0.keywords,fi1_0.name,fi1_0.price,fi1_0.quantity,fi1_0.restaurant_id from food_items fi1_0 where fi1_0.restaurant_id=?
Hibernate: delete from order_items
Hibernate: delete from orders
Hibernate: delete from food_items
Hibernate: delete from restaurants
Hibernate: insert into restaurants (address,name,owner_id,phone,status) values (?,?,?,?,?)
Hibernate: select last_insert_rowid()
Hibernate: insert into food_items (available,category,description,image_url,keywords,name,price,quantity,restaurant_id) values (?,?,?,?,?,?,?,?,?)
Hibernate: select last_insert_rowid()
Hibernate: insert into food_items (available,category,description,image_url,keywords,name,price,quantity,restaurant_id) values (?,?,?,?,?,?,?,?,?)
Hibernate: select last_insert_rowid()
Hibernate: select fi1_0.id,fi1_0.available,fi1_0.category,fi1_0.description,fi1_0.image_url,fi1_0.keywords,fi1_0.name,fi1_0.price,fi1_0.quantity,fi1_0.restaurant_id from food_items fi1_0 where (lower(fi1_0.name) like ? or lower(fi1_0.keywords) like ?) and fi1_0.available=1
Hibernate: select fi1_0.id,fi1_0.available,fi1_0.category,fi1_0.description,fi1_0.image_url,fi1_0.keywords,fi1_0.name,fi1_0.price,fi1_0.quantity,fi1_0.restaurant_id from food_items fi1_0 where (lower(fi1_0.name) like ? or lower(fi1_0.keywords) like ?) and fi1_0.available=1
Hibernate: select fi1_0.id,fi1_0.available,fi1_0.category,fi1_0.description,fi1_0.image_url,fi1_0.keywords,fi1_0.name,fi1_0.price,fi1_0.quantity,fi1_0.restaurant_id from food_items fi1_0 where (lower(fi1_0.name) like ? or lower(fi1_0.keywords) like ?) and fi1_0.available=1
Hibernate: select fi1_0.id,fi1_0.available,fi1_0.category,fi1_0.description,fi1_0.image_url,fi1_0.keywords,fi1_0.name,fi1_0.price,fi1_0.quantity,fi1_0.restaurant_id from food_items fi1_0 where (lower(fi1_0.name) like ? or lower(fi1_0.keywords) like ?) and fi1_0.available=1
Hibernate: select fi1_0.id,fi1_0.available,fi1_0.category,fi1_0.description,fi1_0.image_url,fi1_0.keywords,fi1_0.name,fi1_0.price,fi1_0.quantity,fi1_0.restaurant_id from food_items fi1_0 where (lower(fi1_0.name) like ? or lower(fi1_0.keywords) like ?) and fi1_0.available=1
Hibernate: select fi1_0.id,fi1_0.available,fi1_0.category,fi1_0.description,fi1_0.image_url,fi1_0.keywords,fi1_0.name,fi1_0.price,fi1_0.quantity,fi1_0.restaurant_id from food_items fi1_0 where (lower(fi1_0.name) like ? or lower(fi1_0.keywords) like ?) and fi1_0.available=1
Hibernate: delete from order_items
Hibernate: delete from orders
Hibernate: delete from food_items
Hibernate: delete from restaurants
Hibernate: insert into restaurants (address,name,owner_id,phone,status) values (?,?,?,?,?)
Hibernate: select last_insert_rowid()
Hibernate: insert into food_items (available,category,description,image_url,keywords,name,price,quantity,restaurant_id) values (?,?,?,?,?,?,?,?,?)
Hibernate: select last_insert_rowid()
Hibernate: insert into food_items (available,category,description,image_url,keywords,name,price,quantity,restaurant_id) values (?,?,?,?,?,?,?,?,?)
Hibernate: select last_insert_rowid()
Hibernate: insert into food_items (available,category,description,image_url,keywords,name,price,quantity,restaurant_id) values (?,?,?,?,?,?,?,?,?)
Hibernate: select last_insert_rowid()
Hibernate: select fi1_0.id,fi1_0.available,fi1_0.category,fi1_0.description,fi1_0.image_url,fi1_0.keywords,fi1_0.name,fi1_0.price,fi1_0.quantity,fi1_0.restaurant_id from food_items fi1_0 where (lower(fi1_0.name) like ? or lower(fi1_0.keywords) like ?) and fi1_0.available=1
Hibernate: select fi1_0.id,fi1_0.available,fi1_0.category,fi1_0.description,fi1_0.image_url,fi1_0.keywords,fi1_0.name,fi1_0.price,fi1_0.quantity,fi1_0.restaurant_id from food_items fi1_0 where (lower(fi1_0.name) like ? or lower(fi1_0.keywords) like ?) and fi1_0.available=1
Hibernate: select fi1_0.id,fi1_0.available,fi1_0.category,fi1_0.description,fi1_0.image_url,fi1_0.keywords,fi1_0.name,fi1_0.price,fi1_0.quantity,fi1_0.restaurant_id from food_items fi1_0 where (lower(fi1_0.name) like ? or lower(fi1_0.keywords) like ?) and fi1_0.available=1
Hibernate: delete from order_items
Hibernate: delete from orders
Hibernate: delete from food_items
Hibernate: delete from restaurants
Hibernate: insert into restaurants (address,name,owner_id,phone,status) values (?,?,?,?,?)
Hibernate: select last_insert_rowid()
Hibernate: insert into food_items (available,category,description,image_url,keywords,name,price,quantity,restaurant_id) values (?,?,?,?,?,?,?,?,?)
Hibernate: select last_insert_rowid()
Hibernate: insert into food_items (available,category,description,image_url,keywords,name,price,quantity,restaurant_id) values (?,?,?,?,?,?,?,?,?)
Hibernate: select last_insert_rowid()
Hibernate: insert into food_items (available,category,description,image_url,keywords,name,price,quantity,restaurant_id) values (?,?,?,?,?,?,?,?,?)
Hibernate: select last_insert_rowid()
Hibernate: select fi1_0.id,fi1_0.available,fi1_0.category,fi1_0.description,fi1_0.image_url,fi1_0.keywords,fi1_0.name,fi1_0.price,fi1_0.quantity,fi1_0.restaurant_id from food_items fi1_0 where fi1_0.category=? and fi1_0.available=1
Hibernate: select fi1_0.id,fi1_0.available,fi1_0.category,fi1_0.description,fi1_0.image_url,fi1_0.keywords,fi1_0.name,fi1_0.price,fi1_0.quantity,fi1_0.restaurant_id from food_items fi1_0 where fi1_0.category=? and fi1_0.available=1
Hibernate: select fi1_0.id,fi1_0.available,fi1_0.category,fi1_0.description,fi1_0.image_url,fi1_0.keywords,fi1_0.name,fi1_0.price,fi1_0.quantity,fi1_0.restaurant_id from food_items fi1_0 where fi1_0.category=? and fi1_0.available=1
Hibernate: delete from order_items
Hibernate: delete from orders
Hibernate: delete from food_items
Hibernate: delete from restaurants
Hibernate: insert into restaurants (address,name,owner_id,phone,status) values (?,?,?,?,?)
Hibernate: select last_insert_rowid()
Hibernate: insert into food_items (available,category,description,image_url,keywords,name,price,quantity,restaurant_id) values (?,?,?,?,?,?,?,?,?)
Hibernate: select last_insert_rowid()
Hibernate: select fi1_0.id,fi1_0.available,fi1_0.category,fi1_0.description,fi1_0.image_url,fi1_0.keywords,fi1_0.name,fi1_0.price,fi1_0.quantity,fi1_0.restaurant_id from food_items fi1_0 where fi1_0.id=?
Hibernate: update food_items set available=?,category=?,description=?,image_url=?,keywords=?,name=?,price=?,quantity=?,restaurant_id=? where id=?
Hibernate: select fi1_0.id,fi1_0.available,fi1_0.category,fi1_0.description,fi1_0.image_url,fi1_0.keywords,fi1_0.name,fi1_0.price,fi1_0.quantity,fi1_0.restaurant_id from food_items fi1_0 where fi1_0.id=?
Hibernate: select fi1_0.id,fi1_0.available,fi1_0.category,fi1_0.description,fi1_0.image_url,fi1_0.keywords,fi1_0.name,fi1_0.price,fi1_0.quantity,fi1_0.restaurant_id from food_items fi1_0 where fi1_0.id=?
Hibernate: update food_items set available=?,category=?,description=?,image_url=?,keywords=?,name=?,price=?,quantity=?,restaurant_id=? where id=?
Hibernate: select fi1_0.id,fi1_0.available,fi1_0.category,fi1_0.description,fi1_0.image_url,fi1_0.keywords,fi1_0.name,fi1_0.price,fi1_0.quantity,fi1_0.restaurant_id from food_items fi1_0 where fi1_0.id=?
Hibernate: select fi1_0.id,fi1_0.available,fi1_0.category,fi1_0.description,fi1_0.image_url,fi1_0.keywords,fi1_0.name,fi1_0.price,fi1_0.quantity,fi1_0.restaurant_id from food_items fi1_0 where fi1_0.id=?
Hibernate: update food_items set available=?,category=?,description=?,image_url=?,keywords=?,name=?,price=?,quantity=?,restaurant_id=? where id=?
Hibernate: select fi1_0.id,fi1_0.available,fi1_0.category,fi1_0.description,fi1_0.image_url,fi1_0.keywords,fi1_0.name,fi1_0.price,fi1_0.quantity,fi1_0.restaurant_id from food_items fi1_0 where fi1_0.id=?
Hibernate: select fi1_0.id,fi1_0.available,fi1_0.category,fi1_0.description,fi1_0.image_url,fi1_0.keywords,fi1_0.name,fi1_0.price,fi1_0.quantity,fi1_0.restaurant_id from food_items fi1_0 where fi1_0.id=?
Hibernate: update food_items set available=?,category=?,description=?,image_url=?,keywords=?,name=?,price=?,quantity=?,restaurant_id=? where id=?
Hibernate: select fi1_0.id,fi1_0.available,fi1_0.category,fi1_0.description,fi1_0.image_url,fi1_0.keywords,fi1_0.name,fi1_0.price,fi1_0.quantity,fi1_0.restaurant_id from food_items fi1_0 where fi1_0.id=?
Hibernate: select fi1_0.id,fi1_0.available,fi1_0.category,fi1_0.description,fi1_0.image_url,fi1_0.keywords,fi1_0.name,fi1_0.price,fi1_0.quantity,fi1_0.restaurant_id from food_items fi1_0 where fi1_0.id=?
Hibernate: update food_items set available=?,category=?,description=?,image_url=?,keywords=?,name=?,price=?,quantity=?,restaurant_id=? where id=?
Hibernate: select fi1_0.id,fi1_0.available,fi1_0.category,fi1_0.description,fi1_0.image_url,fi1_0.keywords,fi1_0.name,fi1_0.price,fi1_0.quantity,fi1_0.restaurant_id from food_items fi1_0 where fi1_0.id=?
Hibernate: select fi1_0.id,fi1_0.available,fi1_0.category,fi1_0.description,fi1_0.image_url,fi1_0.keywords,fi1_0.name,fi1_0.price,fi1_0.quantity,fi1_0.restaurant_id from food_items fi1_0 where fi1_0.id=?
Hibernate: update food_items set available=?,category=?,description=?,image_url=?,keywords=?,name=?,price=?,quantity=?,restaurant_id=? where id=?
Hibernate: select fi1_0.id,fi1_0.available,fi1_0.category,fi1_0.description,fi1_0.image_url,fi1_0.keywords,fi1_0.name,fi1_0.price,fi1_0.quantity,fi1_0.restaurant_id from food_items fi1_0 where fi1_0.id=?
Hibernate: select fi1_0.id,fi1_0.available,fi1_0.category,fi1_0.description,fi1_0.image_url,fi1_0.keywords,fi1_0.name,fi1_0.price,fi1_0.quantity,fi1_0.restaurant_id from food_items fi1_0 where fi1_0.id=?
Hibernate: update food_items set available=?,category=?,description=?,image_url=?,keywords=?,name=?,price=?,quantity=?,restaurant_id=? where id=?
Hibernate: select fi1_0.id,fi1_0.available,fi1_0.category,fi1_0.description,fi1_0.image_url,fi1_0.keywords,fi1_0.name,fi1_0.price,fi1_0.quantity,fi1_0.restaurant_id from food_items fi1_0 where fi1_0.id=?
Hibernate: select fi1_0.id,fi1_0.available,fi1_0.category,fi1_0.description,fi1_0.image_url,fi1_0.keywords,fi1_0.name,fi1_0.price,fi1_0.quantity,fi1_0.restaurant_id from food_items fi1_0 where fi1_0.id=?
Hibernate: update food_items set available=?,category=?,description=?,image_url=?,keywords=?,name=?,price=?,quantity=?,restaurant_id=? where id=?
Hibernate: select fi1_0.id,fi1_0.available,fi1_0.category,fi1_0.description,fi1_0.image_url,fi1_0.keywords,fi1_0.name,fi1_0.price,fi1_0.quantity,fi1_0.restaurant_id from food_items fi1_0 where fi1_0.id=?
Hibernate: select fi1_0.id,fi1_0.available,fi1_0.category,fi1_0.description,fi1_0.image_url,fi1_0.keywords,fi1_0.name,fi1_0.price,fi1_0.quantity,fi1_0.restaurant_id from food_items fi1_0 where fi1_0.id=?
Hibernate: update food_items set available=?,category=?,description=?,image_url=?,keywords=?,name=?,price=?,quantity=?,restaurant_id=? where id=?
Hibernate: select fi1_0.id,fi1_0.available,fi1_0.category,fi1_0.description,fi1_0.image_url,fi1_0.keywords,fi1_0.name,fi1_0.price,fi1_0.quantity,fi1_0.restaurant_id from food_items fi1_0 where fi1_0.id=?
Hibernate: select fi1_0.id,fi1_0.available,fi1_0.category,fi1_0.description,fi1_0.image_url,fi1_0.keywords,fi1_0.name,fi1_0.price,fi1_0.quantity,fi1_0.restaurant_id from food_items fi1_0 where fi1_0.id=?
Hibernate: update food_items set available=?,category=?,description=?,image_url=?,keywords=?,name=?,price=?,quantity=?,restaurant_id=? where id=?
Hibernate: select fi1_0.id,fi1_0.available,fi1_0.category,fi1_0.description,fi1_0.image_url,fi1_0.keywords,fi1_0.name,fi1_0.price,fi1_0.quantity,fi1_0.restaurant_id from food_items fi1_0 where fi1_0.id=?
Hibernate: select fi1_0.id,fi1_0.available,fi1_0.category,fi1_0.description,fi1_0.image_url,fi1_0.keywords,fi1_0.name,fi1_0.price,fi1_0.quantity,fi1_0.restaurant_id from food_items fi1_0 where fi1_0.id=?
Hibernate: update food_items set available=?,category=?,description=?,image_url=?,keywords=?,name=?,price=?,quantity=?,restaurant_id=? where id=?
Hibernate: select fi1_0.id,fi1_0.available,fi1_0.category,fi1_0.description,fi1_0.image_url,fi1_0.keywords,fi1_0.name,fi1_0.price,fi1_0.quantity,fi1_0.restaurant_id from food_items fi1_0 where fi1_0.id=?
Hibernate: select fi1_0.id,fi1_0.available,fi1_0.category,fi1_0.description,fi1_0.image_url,fi1_0.keywords,fi1_0.name,fi1_0.price,fi1_0.quantity,fi1_0.restaurant_id from food_items fi1_0 where fi1_0.id=?
Hibernate: select fi1_0.id,fi1_0.available,fi1_0.category,fi1_0.description,fi1_0.image_url,fi1_0.keywords,fi1_0.name,fi1_0.price,fi1_0.quantity,fi1_0.restaurant_id from food_items fi1_0 where fi1_0.id=?
Hibernate: delete from order_items
Hibernate: delete from orders
Hibernate: delete from food_items
Hibernate: delete from restaurants
Hibernate: insert into restaurants (address,name,owner_id,phone,status) values (?,?,?,?,?)
Hibernate: select last_insert_rowid()
Hibernate: insert into food_items (available,category,description,image_url,keywords,name,price,quantity,restaurant_id) values (?,?,?,?,?,?,?,?,?)
Hibernate: select last_insert_rowid()
Hibernate: select fi1_0.id,fi1_0.available,fi1_0.category,fi1_0.description,fi1_0.image_url,fi1_0.keywords,fi1_0.name,fi1_0.price,fi1_0.quantity,fi1_0.restaurant_id from food_items fi1_0 where fi1_0.id=?
Hibernate: update food_items set available=?,category=?,description=?,image_url=?,keywords=?,name=?,price=?,quantity=?,restaurant_id=? where id=?
Hibernate: insert into food_items (available,category,description,image_url,keywords,name,price,quantity,restaurant_id) values (?,?,?,?,?,?,?,?,?)
Hibernate: select last_insert_rowid()
Hibernate: select fi1_0.id,fi1_0.available,fi1_0.category,fi1_0.description,fi1_0.image_url,fi1_0.keywords,fi1_0.name,fi1_0.price,fi1_0.quantity,fi1_0.restaurant_id from food_items fi1_0 where fi1_0.id=?
Hibernate: update food_items set available=?,category=?,description=?,image_url=?,keywords=?,name=?,price=?,quantity=?,restaurant_id=? where id=?
Hibernate: insert into food_items (available,category,description,image_url,keywords,name,price,quantity,restaurant_id) values (?,?,?,?,?,?,?,?,?)
Hibernate: select last_insert_rowid()
Hibernate: select fi1_0.id,fi1_0.available,fi1_0.category,fi1_0.description,fi1_0.image_url,fi1_0.keywords,fi1_0.name,fi1_0.price,fi1_0.quantity,fi1_0.restaurant_id from food_items fi1_0 where fi1_0.id=?
Hibernate: update food_items set available=?,category=?,description=?,image_url=?,keywords=?,name=?,price=?,quantity=?,restaurant_id=? where id=?
Hibernate: insert into food_items (available,category,description,image_url,keywords,name,price,quantity,restaurant_id) values (?,?,?,?,?,?,?,?,?)
Hibernate: select last_insert_rowid()
Hibernate: select fi1_0.id,fi1_0.available,fi1_0.category,fi1_0.description,fi1_0.image_url,fi1_0.keywords,fi1_0.name,fi1_0.price,fi1_0.quantity,fi1_0.restaurant_id from food_items fi1_0 where fi1_0.id=?
Hibernate: update food_items set available=?,category=?,description=?,image_url=?,keywords=?,name=?,price=?,quantity=?,restaurant_id=? where id=?
Hibernate: select r1_0.id,r1_0.address,r1_0.name,r1_0.owner_id,r1_0.phone,r1_0.status from restaurants r1_0 where r1_0.id=?
Hibernate: select fi1_0.id,fi1_0.available,fi1_0.category,fi1_0.description,fi1_0.image_url,fi1_0.keywords,fi1_0.name,fi1_0.price,fi1_0.quantity,fi1_0.restaurant_id from food_items fi1_0 where fi1_0.restaurant_id=?
Hibernate: select r1_0.id,r1_0.address,r1_0.name,r1_0.owner_id,r1_0.phone,r1_0.status from restaurants r1_0 where r1_0.id=?
Hibernate: select fi1_0.id,fi1_0.available,fi1_0.category,fi1_0.description,fi1_0.image_url,fi1_0.keywords,fi1_0.name,fi1_0.price,fi1_0.quantity,fi1_0.restaurant_id from food_items fi1_0 where fi1_0.restaurant_id=? and fi1_0.available=1 and fi1_0.quantity>0
[INFO] Tests run: 6, Failures: 0, Errors: 0, Skipped: 0, Time elapsed: 0.166 s - in com.myapp.item.ItemServiceTest$BusinessLogicTests
[INFO] Running com.myapp.item.ItemServiceTest$BoundaryValueTests
Hibernate: delete from order_items
Hibernate: delete from orders
Hibernate: delete from food_items
Hibernate: delete from restaurants
Hibernate: insert into restaurants (address,name,owner_id,phone,status) values (?,?,?,?,?)
Hibernate: select last_insert_rowid()
Hibernate: insert into food_items (available,category,description,image_url,keywords,name,price,quantity,restaurant_id) values (?,?,?,?,?,?,?,?,?)
Hibernate: select last_insert_rowid()
Hibernate: select fi1_0.id,fi1_0.available,fi1_0.category,fi1_0.description,fi1_0.image_url,fi1_0.keywords,fi1_0.name,fi1_0.price,fi1_0.quantity,fi1_0.restaurant_id from food_items fi1_0 where fi1_0.id=?
Hibernate: update food_items set available=?,category=?,description=?,image_url=?,keywords=?,name=?,price=?,quantity=?,restaurant_id=? where id=?
Hibernate: select fi1_0.id,fi1_0.available,fi1_0.category,fi1_0.description,fi1_0.image_url,fi1_0.keywords,fi1_0.name,fi1_0.price,fi1_0.quantity,fi1_0.restaurant_id from food_items fi1_0 where fi1_0.id=?
Hibernate: select fi1_0.id,fi1_0.available,fi1_0.category,fi1_0.description,fi1_0.image_url,fi1_0.keywords,fi1_0.name,fi1_0.price,fi1_0.quantity,fi1_0.restaurant_id from food_items fi1_0 where fi1_0.id=?
Hibernate: update food_items set available=?,category=?,description=?,image_url=?,keywords=?,name=?,price=?,quantity=?,restaurant_id=? where id=?
Hibernate: select fi1_0.id,fi1_0.available,fi1_0.category,fi1_0.description,fi1_0.image_url,fi1_0.keywords,fi1_0.name,fi1_0.price,fi1_0.quantity,fi1_0.restaurant_id from food_items fi1_0 where fi1_0.id=?
Hibernate: select fi1_0.id,fi1_0.available,fi1_0.category,fi1_0.description,fi1_0.image_url,fi1_0.keywords,fi1_0.name,fi1_0.price,fi1_0.quantity,fi1_0.restaurant_id from food_items fi1_0 where fi1_0.id=?
Hibernate: select fi1_0.id,fi1_0.available,fi1_0.category,fi1_0.description,fi1_0.image_url,fi1_0.keywords,fi1_0.name,fi1_0.price,fi1_0.quantity,fi1_0.restaurant_id from food_items fi1_0 where fi1_0.id=?
Hibernate: select fi1_0.id,fi1_0.available,fi1_0.category,fi1_0.description,fi1_0.image_url,fi1_0.keywords,fi1_0.name,fi1_0.price,fi1_0.quantity,fi1_0.restaurant_id from food_items fi1_0 where fi1_0.id=?
Hibernate: select fi1_0.id,fi1_0.available,fi1_0.category,fi1_0.description,fi1_0.image_url,fi1_0.keywords,fi1_0.name,fi1_0.price,fi1_0.quantity,fi1_0.restaurant_id from food_items fi1_0 where fi1_0.id=?
Hibernate: update food_items set available=?,category=?,description=?,image_url=?,keywords=?,name=?,price=?,quantity=?,restaurant_id=? where id=?
Hibernate: select fi1_0.id,fi1_0.available,fi1_0.category,fi1_0.description,fi1_0.image_url,fi1_0.keywords,fi1_0.name,fi1_0.price,fi1_0.quantity,fi1_0.restaurant_id from food_items fi1_0 where fi1_0.id=?
Hibernate: select fi1_0.id,fi1_0.available,fi1_0.category,fi1_0.description,fi1_0.image_url,fi1_0.keywords,fi1_0.name,fi1_0.price,fi1_0.quantity,fi1_0.restaurant_id from food_items fi1_0 where fi1_0.id=?
Hibernate: select fi1_0.id,fi1_0.available,fi1_0.category,fi1_0.description,fi1_0.image_url,fi1_0.keywords,fi1_0.name,fi1_0.price,fi1_0.quantity,fi1_0.restaurant_id from food_items fi1_0 where fi1_0.id=?
Hibernate: update food_items set available=?,category=?,description=?,image_url=?,keywords=?,name=?,price=?,quantity=?,restaurant_id=? where id=?
Hibernate: select fi1_0.id,fi1_0.available,fi1_0.category,fi1_0.description,fi1_0.image_url,fi1_0.keywords,fi1_0.name,fi1_0.price,fi1_0.quantity,fi1_0.restaurant_id from food_items fi1_0 where fi1_0.id=?
Hibernate: delete from order_items
Hibernate: delete from orders
Hibernate: delete from food_items
Hibernate: delete from restaurants
Hibernate: insert into restaurants (address,name,owner_id,phone,status) values (?,?,?,?,?)
Hibernate: select last_insert_rowid()
Hibernate: select r1_0.id,r1_0.address,r1_0.name,r1_0.owner_id,r1_0.phone,r1_0.status from restaurants r1_0 where r1_0.id=?
Hibernate: select r1_0.id,r1_0.address,r1_0.name,r1_0.owner_id,r1_0.phone,r1_0.status from restaurants r1_0 where r1_0.id=?
Hibernate: select r1_0.id,r1_0.address,r1_0.name,r1_0.owner_id,r1_0.phone,r1_0.status from restaurants r1_0 where r1_0.id=?
Hibernate: select r1_0.id,r1_0.address,r1_0.name,r1_0.owner_id,r1_0.phone,r1_0.status from restaurants r1_0 where r1_0.id=?
Hibernate: insert into food_items (available,category,description,image_url,keywords,name,price,quantity,restaurant_id) values (?,?,?,?,?,?,?,?,?)
Hibernate: select last_insert_rowid()
Hibernate: delete from order_items
Hibernate: delete from orders
Hibernate: delete from food_items
Hibernate: delete from restaurants
Hibernate: insert into restaurants (address,name,owner_id,phone,status) values (?,?,?,?,?)
Hibernate: select last_insert_rowid()
Hibernate: select r1_0.id,r1_0.address,r1_0.name,r1_0.owner_id,r1_0.phone,r1_0.status from restaurants r1_0 where r1_0.id=?
Hibernate: insert into food_items (available,category,description,image_url,keywords,name,price,quantity,restaurant_id) values (?,?,?,?,?,?,?,?,?)
Hibernate: select last_insert_rowid()
Hibernate: select r1_0.id,r1_0.address,r1_0.name,r1_0.owner_id,r1_0.phone,r1_0.status from restaurants r1_0 where r1_0.id=?
Hibernate: select r1_0.id,r1_0.address,r1_0.name,r1_0.owner_id,r1_0.phone,r1_0.status from restaurants r1_0 where r1_0.id=?
Hibernate: insert into food_items (available,category,description,image_url,keywords,name,price,quantity,restaurant_id) values (?,?,?,?,?,?,?,?,?)
Hibernate: select last_insert_rowid()
Hibernate: delete from order_items
Hibernate: delete from orders
Hibernate: delete from food_items
Hibernate: delete from restaurants
Hibernate: insert into restaurants (address,name,owner_id,phone,status) values (?,?,?,?,?)
Hibernate: select last_insert_rowid()
Hibernate: select r1_0.id,r1_0.address,r1_0.name,r1_0.owner_id,r1_0.phone,r1_0.status from restaurants r1_0 where r1_0.id=?
Hibernate: select r1_0.id,r1_0.address,r1_0.name,r1_0.owner_id,r1_0.phone,r1_0.status from restaurants r1_0 where r1_0.id=?
Hibernate: insert into food_items (available,category,description,image_url,keywords,name,price,quantity,restaurant_id) values (?,?,?,?,?,?,?,?,?)
Hibernate: select last_insert_rowid()
Hibernate: select r1_0.id,r1_0.address,r1_0.name,r1_0.owner_id,r1_0.phone,r1_0.status from restaurants r1_0 where r1_0.id=?
Hibernate: insert into food_items (available,category,description,image_url,keywords,name,price,quantity,restaurant_id) values (?,?,?,?,?,?,?,?,?)
Hibernate: select last_insert_rowid()
Hibernate: select r1_0.id,r1_0.address,r1_0.name,r1_0.owner_id,r1_0.phone,r1_0.status from restaurants r1_0 where r1_0.id=?
[INFO] Tests run: 4, Failures: 0, Errors: 0, Skipped: 0, Time elapsed: 0.074 s - in com.myapp.item.ItemServiceTest$BoundaryValueTests
[INFO] Running com.myapp.item.ItemServiceTest$InputValidationTests
Hibernate: delete from order_items
Hibernate: delete from orders
Hibernate: delete from food_items
Hibernate: delete from restaurants
Hibernate: delete from order_items
Hibernate: delete from orders
Hibernate: delete from food_items
Hibernate: delete from restaurants
Hibernate: insert into restaurants (address,name,owner_id,phone,status) values (?,?,?,?,?)
Hibernate: select last_insert_rowid()
Hibernate: select r1_0.id,r1_0.address,r1_0.name,r1_0.owner_id,r1_0.phone,r1_0.status from restaurants r1_0 where r1_0.id=?
Hibernate: select r1_0.id,r1_0.address,r1_0.name,r1_0.owner_id,r1_0.phone,r1_0.status from restaurants r1_0 where r1_0.id=?
Hibernate: select r1_0.id,r1_0.address,r1_0.name,r1_0.owner_id,r1_0.phone,r1_0.status from restaurants r1_0 where r1_0.id=?
Hibernate: delete from order_items
Hibernate: delete from orders
Hibernate: delete from food_items
Hibernate: delete from restaurants
Hibernate: insert into restaurants (address,name,owner_id,phone,status) values (?,?,?,?,?)
Hibernate: select last_insert_rowid()
Hibernate: select r1_0.id,r1_0.address,r1_0.name,r1_0.owner_id,r1_0.phone,r1_0.status from restaurants r1_0 where r1_0.id=?
Hibernate: select r1_0.id,r1_0.address,r1_0.name,r1_0.owner_id,r1_0.phone,r1_0.status from restaurants r1_0 where r1_0.id=?
Hibernate: delete from order_items
Hibernate: delete from orders
Hibernate: delete from food_items
Hibernate: delete from restaurants
Hibernate: select fi1_0.id,fi1_0.available,fi1_0.category,fi1_0.description,fi1_0.image_url,fi1_0.keywords,fi1_0.name,fi1_0.price,fi1_0.quantity,fi1_0.restaurant_id from food_items fi1_0 where fi1_0.id=?
Hibernate: select fi1_0.id,fi1_0.available,fi1_0.category,fi1_0.description,fi1_0.image_url,fi1_0.keywords,fi1_0.name,fi1_0.price,fi1_0.quantity,fi1_0.restaurant_id from food_items fi1_0 where fi1_0.id=?
Hibernate: delete from order_items
Hibernate: delete from orders
Hibernate: delete from food_items
Hibernate: delete from restaurants
Hibernate: delete from order_items
Hibernate: delete from orders
Hibernate: delete from food_items
Hibernate: delete from restaurants
Hibernate: select fi1_0.id,fi1_0.available,fi1_0.category,fi1_0.description,fi1_0.image_url,fi1_0.keywords,fi1_0.name,fi1_0.price,fi1_0.quantity,fi1_0.restaurant_id from food_items fi1_0 where fi1_0.id=?
Hibernate: select fi1_0.id,fi1_0.available,fi1_0.category,fi1_0.description,fi1_0.image_url,fi1_0.keywords,fi1_0.name,fi1_0.price,fi1_0.quantity,fi1_0.restaurant_id from food_items fi1_0 where fi1_0.id=?
[INFO] Tests run: 6, Failures: 0, Errors: 0, Skipped: 0, Time elapsed: 0.042 s - in com.myapp.item.ItemServiceTest$InputValidationTests
[INFO] Running com.myapp.item.ItemServiceTest$MenuStatisticsTests
Hibernate: delete from order_items
Hibernate: delete from orders
Hibernate: delete from food_items
Hibernate: delete from restaurants
Hibernate: insert into restaurants (address,name,owner_id,phone,status) values (?,?,?,?,?)
Hibernate: select last_insert_rowid()
Hibernate: insert into food_items (available,category,description,image_url,keywords,name,price,quantity,restaurant_id) values (?,?,?,?,?,?,?,?,?)
Hibernate: select last_insert_rowid()
Hibernate: insert into food_items (available,category,description,image_url,keywords,name,price,quantity,restaurant_id) values (?,?,?,?,?,?,?,?,?)
Hibernate: select last_insert_rowid()
Hibernate: insert into food_items (available,category,description,image_url,keywords,name,price,quantity,restaurant_id) values (?,?,?,?,?,?,?,?,?)
Hibernate: select last_insert_rowid()
Hibernate: select r1_0.id,r1_0.address,r1_0.name,r1_0.owner_id,r1_0.phone,r1_0.status from restaurants r1_0 where r1_0.id=?
Hibernate: select fi1_0.id,fi1_0.available,fi1_0.category,fi1_0.description,fi1_0.image_url,fi1_0.keywords,fi1_0.name,fi1_0.price,fi1_0.quantity,fi1_0.restaurant_id from food_items fi1_0 where fi1_0.restaurant_id=?
[INFO] Tests run: 1, Failures: 0, Errors: 0, Skipped: 0, Time elapsed: 0.017 s - in com.myapp.item.ItemServiceTest$MenuStatisticsTests
[INFO] Running com.myapp.item.ItemServiceTest$InventoryManagementTests
Hibernate: delete from order_items
Hibernate: delete from orders
Hibernate: delete from food_items
Hibernate: delete from restaurants
Hibernate: insert into restaurants (address,name,owner_id,phone,status) values (?,?,?,?,?)
Hibernate: select last_insert_rowid()
Hibernate: insert into food_items (available,category,description,image_url,keywords,name,price,quantity,restaurant_id) values (?,?,?,?,?,?,?,?,?)
Hibernate: select last_insert_rowid()
Hibernate: select fi1_0.id,fi1_0.available,fi1_0.category,fi1_0.description,fi1_0.image_url,fi1_0.keywords,fi1_0.name,fi1_0.price,fi1_0.quantity,fi1_0.restaurant_id from food_items fi1_0 where fi1_0.id=?
Hibernate: update food_items set available=?,category=?,description=?,image_url=?,keywords=?,name=?,price=?,quantity=?,restaurant_id=? where id=?
Hibernate: select fi1_0.id,fi1_0.available,fi1_0.category,fi1_0.description,fi1_0.image_url,fi1_0.keywords,fi1_0.name,fi1_0.price,fi1_0.quantity,fi1_0.restaurant_id from food_items fi1_0 where fi1_0.id=?
Hibernate: select fi1_0.id,fi1_0.available,fi1_0.category,fi1_0.description,fi1_0.image_url,fi1_0.keywords,fi1_0.name,fi1_0.price,fi1_0.quantity,fi1_0.restaurant_id from food_items fi1_0 where fi1_0.id=?
Hibernate: delete from order_items
Hibernate: delete from orders
Hibernate: delete from food_items
Hibernate: delete from restaurants
Hibernate: insert into restaurants (address,name,owner_id,phone,status) values (?,?,?,?,?)
Hibernate: select last_insert_rowid()
Hibernate: insert into food_items (available,category,description,image_url,keywords,name,price,quantity,restaurant_id) values (?,?,?,?,?,?,?,?,?)
Hibernate: select last_insert_rowid()
Hibernate: select fi1_0.id,fi1_0.available,fi1_0.category,fi1_0.description,fi1_0.image_url,fi1_0.keywords,fi1_0.name,fi1_0.price,fi1_0.quantity,fi1_0.restaurant_id from food_items fi1_0 where fi1_0.id=?
Hibernate: update food_items set available=?,category=?,description=?,image_url=?,keywords=?,name=?,price=?,quantity=?,restaurant_id=? where id=?
Hibernate: insert into food_items (available,category,description,image_url,keywords,name,price,quantity,restaurant_id) values (?,?,?,?,?,?,?,?,?)
Hibernate: select last_insert_rowid()
Hibernate: select fi1_0.id,fi1_0.available,fi1_0.category,fi1_0.description,fi1_0.image_url,fi1_0.keywords,fi1_0.name,fi1_0.price,fi1_0.quantity,fi1_0.restaurant_id from food_items fi1_0 where fi1_0.id=?
Hibernate: update food_items set available=?,category=?,description=?,image_url=?,keywords=?,name=?,price=?,quantity=?,restaurant_id=? where id=?
Hibernate: select fi1_0.id,fi1_0.available,fi1_0.category,fi1_0.description,fi1_0.image_url,fi1_0.keywords,fi1_0.name,fi1_0.price,fi1_0.quantity,fi1_0.restaurant_id from food_items fi1_0 where fi1_0.id=?
Hibernate: select fi1_0.id,fi1_0.available,fi1_0.category,fi1_0.description,fi1_0.image_url,fi1_0.keywords,fi1_0.name,fi1_0.price,fi1_0.quantity,fi1_0.restaurant_id from food_items fi1_0 where fi1_0.id=?
Hibernate: delete from order_items
Hibernate: delete from orders
Hibernate: delete from food_items
Hibernate: delete from restaurants
Hibernate: insert into restaurants (address,name,owner_id,phone,status) values (?,?,?,?,?)
Hibernate: select last_insert_rowid()
Hibernate: insert into food_items (available,category,description,image_url,keywords,name,price,quantity,restaurant_id) values (?,?,?,?,?,?,?,?,?)
Hibernate: select last_insert_rowid()
Hibernate: select fi1_0.id,fi1_0.available,fi1_0.category,fi1_0.description,fi1_0.image_url,fi1_0.keywords,fi1_0.name,fi1_0.price,fi1_0.quantity,fi1_0.restaurant_id from food_items fi1_0 where fi1_0.id=?
Hibernate: update food_items set available=?,category=?,description=?,image_url=?,keywords=?,name=?,price=?,quantity=?,restaurant_id=? where id=?
Hibernate: select fi1_0.id,fi1_0.available,fi1_0.category,fi1_0.description,fi1_0.image_url,fi1_0.keywords,fi1_0.name,fi1_0.price,fi1_0.quantity,fi1_0.restaurant_id from food_items fi1_0 where fi1_0.id=?
Hibernate: select fi1_0.id,fi1_0.available,fi1_0.category,fi1_0.description,fi1_0.image_url,fi1_0.keywords,fi1_0.name,fi1_0.price,fi1_0.quantity,fi1_0.restaurant_id from food_items fi1_0 where fi1_0.id=?
Hibernate: update food_items set available=?,category=?,description=?,image_url=?,keywords=?,name=?,price=?,quantity=?,restaurant_id=? where id=?
Hibernate: select fi1_0.id,fi1_0.available,fi1_0.category,fi1_0.description,fi1_0.image_url,fi1_0.keywords,fi1_0.name,fi1_0.price,fi1_0.quantity,fi1_0.restaurant_id from food_items fi1_0 where fi1_0.id=?
Hibernate: delete from order_items
Hibernate: delete from orders
Hibernate: delete from food_items
Hibernate: delete from restaurants
Hibernate: insert into restaurants (address,name,owner_id,phone,status) values (?,?,?,?,?)
Hibernate: select last_insert_rowid()
Hibernate: insert into food_items (available,category,description,image_url,keywords,name,price,quantity,restaurant_id) values (?,?,?,?,?,?,?,?,?)
Hibernate: select last_insert_rowid()
Hibernate: select fi1_0.id,fi1_0.available,fi1_0.category,fi1_0.description,fi1_0.image_url,fi1_0.keywords,fi1_0.name,fi1_0.price,fi1_0.quantity,fi1_0.restaurant_id from food_items fi1_0 where fi1_0.id=?
Hibernate: update food_items set available=?,category=?,description=?,image_url=?,keywords=?,name=?,price=?,quantity=?,restaurant_id=? where id=?
Hibernate: select fi1_0.id,fi1_0.available,fi1_0.category,fi1_0.description,fi1_0.image_url,fi1_0.keywords,fi1_0.name,fi1_0.price,fi1_0.quantity,fi1_0.restaurant_id from food_items fi1_0 where fi1_0.id=?
Hibernate: select fi1_0.id,fi1_0.available,fi1_0.category,fi1_0.description,fi1_0.image_url,fi1_0.keywords,fi1_0.name,fi1_0.price,fi1_0.quantity,fi1_0.restaurant_id from food_items fi1_0 where fi1_0.id=?
Hibernate: update food_items set available=?,category=?,description=?,image_url=?,keywords=?,name=?,price=?,quantity=?,restaurant_id=? where id=?
Hibernate: select fi1_0.id,fi1_0.available,fi1_0.category,fi1_0.description,fi1_0.image_url,fi1_0.keywords,fi1_0.name,fi1_0.price,fi1_0.quantity,fi1_0.restaurant_id from food_items fi1_0 where fi1_0.id=?
Hibernate: delete from order_items
Hibernate: delete from orders
Hibernate: delete from food_items
Hibernate: delete from restaurants
Hibernate: insert into restaurants (address,name,owner_id,phone,status) values (?,?,?,?,?)
Hibernate: select last_insert_rowid()
Hibernate: insert into food_items (available,category,description,image_url,keywords,name,price,quantity,restaurant_id) values (?,?,?,?,?,?,?,?,?)
Hibernate: select last_insert_rowid()
Hibernate: select fi1_0.id,fi1_0.available,fi1_0.category,fi1_0.description,fi1_0.image_url,fi1_0.keywords,fi1_0.name,fi1_0.price,fi1_0.quantity,fi1_0.restaurant_id from food_items fi1_0 where fi1_0.id=?
Hibernate: update food_items set available=?,category=?,description=?,image_url=?,keywords=?,name=?,price=?,quantity=?,restaurant_id=? where id=?
Hibernate: insert into food_items (available,category,description,image_url,keywords,name,price,quantity,restaurant_id) values (?,?,?,?,?,?,?,?,?)
Hibernate: select last_insert_rowid()
Hibernate: select fi1_0.id,fi1_0.available,fi1_0.category,fi1_0.description,fi1_0.image_url,fi1_0.keywords,fi1_0.name,fi1_0.price,fi1_0.quantity,fi1_0.restaurant_id from food_items fi1_0 where fi1_0.id=?
Hibernate: update food_items set available=?,category=?,description=?,image_url=?,keywords=?,name=?,price=?,quantity=?,restaurant_id=? where id=?
Hibernate: insert into food_items (available,category,description,image_url,keywords,name,price,quantity,restaurant_id) values (?,?,?,?,?,?,?,?,?)
Hibernate: select last_insert_rowid()
Hibernate: select fi1_0.id,fi1_0.available,fi1_0.category,fi1_0.description,fi1_0.image_url,fi1_0.keywords,fi1_0.name,fi1_0.price,fi1_0.quantity,fi1_0.restaurant_id from food_items fi1_0 where fi1_0.id=?
Hibernate: update food_items set available=?,category=?,description=?,image_url=?,keywords=?,name=?,price=?,quantity=?,restaurant_id=? where id=?
Hibernate: select r1_0.id,r1_0.address,r1_0.name,r1_0.owner_id,r1_0.phone,r1_0.status from restaurants r1_0 where r1_0.id=?
Hibernate: select fi1_0.id,fi1_0.available,fi1_0.category,fi1_0.description,fi1_0.image_url,fi1_0.keywords,fi1_0.name,fi1_0.price,fi1_0.quantity,fi1_0.restaurant_id from food_items fi1_0 where fi1_0.restaurant_id=?
[INFO] Tests run: 5, Failures: 0, Errors: 0, Skipped: 0, Time elapsed: 0.082 s - in com.myapp.item.ItemServiceTest$InventoryManagementTests
[INFO] Running com.myapp.item.ItemServiceTest$SearchTests
Hibernate: delete from order_items
Hibernate: delete from orders
Hibernate: delete from food_items
Hibernate: delete from restaurants
Hibernate: delete from order_items
Hibernate: delete from orders
Hibernate: delete from food_items
Hibernate: delete from restaurants
Hibernate: insert into restaurants (address,name,owner_id,phone,status) values (?,?,?,?,?)
Hibernate: select last_insert_rowid()
Hibernate: insert into food_items (available,category,description,image_url,keywords,name,price,quantity,restaurant_id) values (?,?,?,?,?,?,?,?,?)
Hibernate: select last_insert_rowid()
Hibernate: insert into food_items (available,category,description,image_url,keywords,name,price,quantity,restaurant_id) values (?,?,?,?,?,?,?,?,?)
Hibernate: select last_insert_rowid()
Hibernate: insert into food_items (available,category,description,image_url,keywords,name,price,quantity,restaurant_id) values (?,?,?,?,?,?,?,?,?)
Hibernate: select last_insert_rowid()
Hibernate: select fi1_0.id,fi1_0.available,fi1_0.category,fi1_0.description,fi1_0.image_url,fi1_0.keywords,fi1_0.name,fi1_0.price,fi1_0.quantity,fi1_0.restaurant_id from food_items fi1_0 where fi1_0.category=? and fi1_0.available=1
Hibernate: delete from order_items
Hibernate: delete from orders
Hibernate: delete from food_items
Hibernate: delete from restaurants
Hibernate: insert into restaurants (address,name,owner_id,phone,status) values (?,?,?,?,?)
Hibernate: select last_insert_rowid()
Hibernate: insert into food_items (available,category,description,image_url,keywords,name,price,quantity,restaurant_id) values (?,?,?,?,?,?,?,?,?)
Hibernate: select last_insert_rowid()
Hibernate: insert into food_items (available,category,description,image_url,keywords,name,price,quantity,restaurant_id) values (?,?,?,?,?,?,?,?,?)
Hibernate: select last_insert_rowid()
Hibernate: insert into food_items (available,category,description,image_url,keywords,name,price,quantity,restaurant_id) values (?,?,?,?,?,?,?,?,?)
Hibernate: select last_insert_rowid()
Hibernate: select fi1_0.id,fi1_0.available,fi1_0.category,fi1_0.description,fi1_0.image_url,fi1_0.keywords,fi1_0.name,fi1_0.price,fi1_0.quantity,fi1_0.restaurant_id from food_items fi1_0 where (lower(fi1_0.name) like ? or lower(fi1_0.keywords) like ?) and fi1_0.available=1
[INFO] Tests run: 3, Failures: 0, Errors: 0, Skipped: 0, Time elapsed: 0.027 s - in com.myapp.item.ItemServiceTest$SearchTests
[INFO] Running com.myapp.item.ItemServiceTest$RestaurantItemsTests
Hibernate: delete from order_items
Hibernate: delete from orders
Hibernate: delete from food_items
Hibernate: delete from restaurants
Hibernate: insert into restaurants (address,name,owner_id,phone,status) values (?,?,?,?,?)
Hibernate: select last_insert_rowid()
Hibernate: insert into food_items (available,category,description,image_url,keywords,name,price,quantity,restaurant_id) values (?,?,?,?,?,?,?,?,?)
Hibernate: select last_insert_rowid()
Hibernate: insert into food_items (available,category,description,image_url,keywords,name,price,quantity,restaurant_id) values (?,?,?,?,?,?,?,?,?)
Hibernate: select last_insert_rowid()
Hibernate: insert into food_items (available,category,description,image_url,keywords,name,price,quantity,restaurant_id) values (?,?,?,?,?,?,?,?,?)
Hibernate: select last_insert_rowid()
Hibernate: select r1_0.id,r1_0.address,r1_0.name,r1_0.owner_id,r1_0.phone,r1_0.status from restaurants r1_0 where r1_0.id=?
Hibernate: select fi1_0.id,fi1_0.available,fi1_0.category,fi1_0.description,fi1_0.image_url,fi1_0.keywords,fi1_0.name,fi1_0.price,fi1_0.quantity,fi1_0.restaurant_id from food_items fi1_0 where fi1_0.restaurant_id=?
Hibernate: delete from order_items
Hibernate: delete from orders
Hibernate: delete from food_items
Hibernate: delete from restaurants
Hibernate: select r1_0.id,r1_0.address,r1_0.name,r1_0.owner_id,r1_0.phone,r1_0.status from restaurants r1_0 where r1_0.id=?
Hibernate: delete from order_items
Hibernate: delete from orders
Hibernate: delete from food_items
Hibernate: delete from restaurants
Hibernate: insert into restaurants (address,name,owner_id,phone,status) values (?,?,?,?,?)
Hibernate: select last_insert_rowid()
Hibernate: insert into food_items (available,category,description,image_url,keywords,name,price,quantity,restaurant_id) values (?,?,?,?,?,?,?,?,?)
Hibernate: select last_insert_rowid()
Hibernate: insert into food_items (available,category,description,image_url,keywords,name,price,quantity,restaurant_id) values (?,?,?,?,?,?,?,?,?)
Hibernate: select last_insert_rowid()
Hibernate: insert into food_items (available,category,description,image_url,keywords,name,price,quantity,restaurant_id) values (?,?,?,?,?,?,?,?,?)
Hibernate: select last_insert_rowid()
Hibernate: select r1_0.id,r1_0.address,r1_0.name,r1_0.owner_id,r1_0.phone,r1_0.status from restaurants r1_0 where r1_0.id=?
Hibernate: select fi1_0.id,fi1_0.available,fi1_0.category,fi1_0.description,fi1_0.image_url,fi1_0.keywords,fi1_0.name,fi1_0.price,fi1_0.quantity,fi1_0.restaurant_id from food_items fi1_0 where fi1_0.restaurant_id=? and fi1_0.available=1 and fi1_0.quantity>0
[INFO] Tests run: 3, Failures: 0, Errors: 0, Skipped: 0, Time elapsed: 0.029 s - in com.myapp.item.ItemServiceTest$RestaurantItemsTests
[INFO] Running com.myapp.item.ItemServiceTest$GetItemTests
Hibernate: delete from order_items
Hibernate: delete from orders
Hibernate: delete from food_items
Hibernate: delete from restaurants
Hibernate: select fi1_0.id,fi1_0.available,fi1_0.category,fi1_0.description,fi1_0.image_url,fi1_0.keywords,fi1_0.name,fi1_0.price,fi1_0.quantity,fi1_0.restaurant_id from food_items fi1_0 where fi1_0.id=?
Hibernate: delete from order_items
Hibernate: delete from orders
Hibernate: delete from food_items
Hibernate: delete from restaurants
Hibernate: insert into restaurants (address,name,owner_id,phone,status) values (?,?,?,?,?)
Hibernate: select last_insert_rowid()
Hibernate: insert into food_items (available,category,description,image_url,keywords,name,price,quantity,restaurant_id) values (?,?,?,?,?,?,?,?,?)
Hibernate: select last_insert_rowid()
Hibernate: select fi1_0.id,fi1_0.available,fi1_0.category,fi1_0.description,fi1_0.image_url,fi1_0.keywords,fi1_0.name,fi1_0.price,fi1_0.quantity,fi1_0.restaurant_id from food_items fi1_0 where fi1_0.id=?
[INFO] Tests run: 2, Failures: 0, Errors: 0, Skipped: 0, Time elapsed: 0.017 s - in com.myapp.item.ItemServiceTest$GetItemTests
[INFO] Running com.myapp.item.ItemServiceTest$UpdateItemTests
Hibernate: delete from order_items
Hibernate: delete from orders
Hibernate: delete from food_items
Hibernate: delete from restaurants
Hibernate: select fi1_0.id,fi1_0.available,fi1_0.category,fi1_0.description,fi1_0.image_url,fi1_0.keywords,fi1_0.name,fi1_0.price,fi1_0.quantity,fi1_0.restaurant_id from food_items fi1_0 where fi1_0.id=?
Hibernate: delete from order_items
Hibernate: delete from orders
Hibernate: delete from food_items
Hibernate: delete from restaurants
Hibernate: insert into restaurants (address,name,owner_id,phone,status) values (?,?,?,?,?)
Hibernate: select last_insert_rowid()
Hibernate: insert into food_items (available,category,description,image_url,keywords,name,price,quantity,restaurant_id) values (?,?,?,?,?,?,?,?,?)
Hibernate: select last_insert_rowid()
Hibernate: select fi1_0.id,fi1_0.available,fi1_0.category,fi1_0.description,fi1_0.image_url,fi1_0.keywords,fi1_0.name,fi1_0.price,fi1_0.quantity,fi1_0.restaurant_id from food_items fi1_0 where fi1_0.id=?
Hibernate: select fi1_0.id,fi1_0.available,fi1_0.category,fi1_0.description,fi1_0.image_url,fi1_0.keywords,fi1_0.name,fi1_0.price,fi1_0.quantity,fi1_0.restaurant_id from food_items fi1_0 where fi1_0.id=?
Hibernate: update food_items set available=?,category=?,description=?,image_url=?,keywords=?,name=?,price=?,quantity=?,restaurant_id=? where id=?
Hibernate: delete from order_items
Hibernate: delete from orders
Hibernate: delete from food_items
Hibernate: delete from restaurants
Hibernate: insert into restaurants (address,name,owner_id,phone,status) values (?,?,?,?,?)
Hibernate: select last_insert_rowid()
Hibernate: insert into food_items (available,category,description,image_url,keywords,name,price,quantity,restaurant_id) values (?,?,?,?,?,?,?,?,?)
Hibernate: select last_insert_rowid()
Hibernate: select fi1_0.id,fi1_0.available,fi1_0.category,fi1_0.description,fi1_0.image_url,fi1_0.keywords,fi1_0.name,fi1_0.price,fi1_0.quantity,fi1_0.restaurant_id from food_items fi1_0 where fi1_0.id=?
Hibernate: select fi1_0.id,fi1_0.available,fi1_0.category,fi1_0.description,fi1_0.image_url,fi1_0.keywords,fi1_0.name,fi1_0.price,fi1_0.quantity,fi1_0.restaurant_id from food_items fi1_0 where fi1_0.id=?
Hibernate: update food_items set available=?,category=?,description=?,image_url=?,keywords=?,name=?,price=?,quantity=?,restaurant_id=? where id=?
[INFO] Tests run: 3, Failures: 0, Errors: 0, Skipped: 0, Time elapsed: 0.031 s - in com.myapp.item.ItemServiceTest$UpdateItemTests
[INFO] Running com.myapp.item.ItemServiceTest$AddItemTests
Hibernate: delete from order_items
Hibernate: delete from orders
Hibernate: delete from food_items
Hibernate: delete from restaurants
Hibernate: insert into restaurants (address,name,owner_id,phone,status) values (?,?,?,?,?)
Hibernate: select last_insert_rowid()
Hibernate: select r1_0.id,r1_0.address,r1_0.name,r1_0.owner_id,r1_0.phone,r1_0.status from restaurants r1_0 where r1_0.id=?
Hibernate: insert into food_items (available,category,description,image_url,keywords,name,price,quantity,restaurant_id) values (?,?,?,?,?,?,?,?,?)
Hibernate: select last_insert_rowid()
Hibernate: delete from order_items
Hibernate: delete from orders
Hibernate: delete from food_items
Hibernate: delete from restaurants
Hibernate: insert into restaurants (address,name,owner_id,phone,status) values (?,?,?,?,?)
Hibernate: select last_insert_rowid()
Hibernate: select r1_0.id,r1_0.address,r1_0.name,r1_0.owner_id,r1_0.phone,r1_0.status from restaurants r1_0 where r1_0.id=?
Hibernate: delete from order_items
Hibernate: delete from orders
Hibernate: delete from food_items
Hibernate: delete from restaurants
Hibernate: insert into restaurants (address,name,owner_id,phone,status) values (?,?,?,?,?)
Hibernate: select last_insert_rowid()
Hibernate: select r1_0.id,r1_0.address,r1_0.name,r1_0.owner_id,r1_0.phone,r1_0.status from restaurants r1_0 where r1_0.id=?
Hibernate: delete from order_items
Hibernate: delete from orders
Hibernate: delete from food_items
Hibernate: delete from restaurants
Hibernate: insert into restaurants (address,name,owner_id,phone,status) values (?,?,?,?,?)
Hibernate: select last_insert_rowid()
Hibernate: select r1_0.id,r1_0.address,r1_0.name,r1_0.owner_id,r1_0.phone,r1_0.status from restaurants r1_0 where r1_0.id=?
Hibernate: delete from order_items
Hibernate: delete from orders
Hibernate: delete from food_items
Hibernate: delete from restaurants
Hibernate: insert into restaurants (address,name,owner_id,phone,status) values (?,?,?,?,?)
Hibernate: select last_insert_rowid()
Hibernate: select r1_0.id,r1_0.address,r1_0.name,r1_0.owner_id,r1_0.phone,r1_0.status from restaurants r1_0 where r1_0.id=?
Hibernate: insert into food_items (available,category,description,image_url,keywords,name,price,quantity,restaurant_id) values (?,?,?,?,?,?,?,?,?)
Hibernate: select last_insert_rowid()
Hibernate: delete from order_items
Hibernate: delete from orders
Hibernate: delete from food_items
Hibernate: delete from restaurants
Hibernate: select r1_0.id,r1_0.address,r1_0.name,r1_0.owner_id,r1_0.phone,r1_0.status from restaurants r1_0 where r1_0.id=?
[INFO] Tests run: 6, Failures: 0, Errors: 0, Skipped: 0, Time elapsed: 0.041 s - in com.myapp.item.ItemServiceTest$AddItemTests
[INFO] Tests run: 0, Failures: 0, Errors: 0, Skipped: 0, Time elapsed: 0.65 s - in com.myapp.item.ItemServiceTest
[INFO] 
[INFO] Results:
[INFO] 
[INFO] Tests run: 115, Failures: 0, Errors: 0, Skipped: 0
[INFO] 
[INFO] 
[INFO] --- jacoco:0.8.8:report (report) @ food-ordering-backend ---
[INFO] Loading execution data file C:\Users\USER\Desktop\work space\food-ordering-project\backend\target\jacoco.exec
[INFO] Analyzed bundle 'food-ordering-backend' with 109 classes
[INFO] ------------------------------------------------------------------------
[INFO] BUILD SUCCESS
[INFO] ------------------------------------------------------------------------
[INFO] Total time:  20.821 s
[INFO] Finished at: 2025-06-27T22:06:26+03:30
[INFO] ------------------------------------------------------------------------
